Component: ARM Compiler 5.06 update 6 (build 750) Tool: armlink [4d35ed]

==============================================================================

Section Cross References

    control.o(i.ADC0_IRQHandler) refers to control.o(i.Control_HBLED) for Control_HBLED
    control.o(i.ADC0_IRQHandler) refers to rtx_msgqueue.o(.text.osMessageQueuePut) for osMessageQueuePut
    control.o(i.ADC0_IRQHandler) refers to rtx_msgqueue.o(.text.osMessageQueueGetCount) for osMessageQueueGetCount
    control.o(i.ADC0_IRQHandler) refers to rtx_msgqueue.o(.text.osMessageQueueGet) for osMessageQueueGet
    control.o(i.ADC0_IRQHandler) refers to control.o(.data) for .data
    control.o(i.ADC0_IRQHandler) refers to threads.o(.data) for results_q
    control.o(i.Control_DutyCycle_Handler) refers to timers.o(i.PWM_Set_Value) for PWM_Set_Value
    control.o(i.Control_DutyCycle_Handler) refers to control.o(.data) for .data
    control.o(i.Control_HBLED) refers to fflti.o(.text) for __aeabi_i2f
    control.o(i.Control_HBLED) refers to fmul.o(x$fpl$fmul) for __aeabi_fmul
    control.o(i.Control_HBLED) refers to faddsub.o(x$fpl$fadd) for __aeabi_fadd
    control.o(i.Control_HBLED) refers to frlef.o(x$fpl$frleqf) for __aeabi_cfrcmple
    control.o(i.Control_HBLED) refers to faddsub.o(x$fpl$fsub) for __aeabi_fsub
    control.o(i.Control_HBLED) refers to ffixi.o(.text) for __aeabi_f2iz
    control.o(i.Control_HBLED) refers to fx.o(i.Multiply_FX) for Multiply_FX
    control.o(i.Control_HBLED) refers to fx.o(i.Add_FX) for Add_FX
    control.o(i.Control_HBLED) refers to fx.o(i.Subtract_FX) for Subtract_FX
    control.o(i.Control_HBLED) refers to timers.o(i.PWM_Set_Value) for PWM_Set_Value
    control.o(i.Control_HBLED) refers to control.o(.data) for .data
    control.o(i.Control_HBLED) refers to control.o(.bss) for .bss
    control.o(i.Control_HBLED) refers to main.o(.data) for control_mode
    control.o(i.Init_Buck_HBLED) refers to control.o(i.Init_ADC_HBLED) for Init_ADC_HBLED
    control.o(i.Init_Buck_HBLED) refers to timers.o(i.PWM_Init) for PWM_Init
    control.o(i.Init_Buck_HBLED) refers to control.o(.data) for .data
    control.o(i.Set_DAC_mA) refers to fflti.o(.text) for __aeabi_ui2f
    control.o(i.Set_DAC_mA) refers to fmul.o(x$fpl$fmul) for __aeabi_fmul
    control.o(i.Set_DAC_mA) refers to ffixui.o(.text) for __aeabi_f2uiz
    control.o(i.UpdatePID) refers to fmul.o(x$fpl$fmul) for __aeabi_fmul
    control.o(i.UpdatePID) refers to faddsub.o(x$fpl$fadd) for __aeabi_fadd
    control.o(i.UpdatePID) refers to frlef.o(x$fpl$frleqf) for __aeabi_cfrcmple
    control.o(i.UpdatePID) refers to faddsub.o(x$fpl$fsub) for __aeabi_fsub
    control.o(i.UpdatePID_FX) refers to fx.o(i.Multiply_FX) for Multiply_FX
    control.o(i.UpdatePID_FX) refers to fx.o(i.Add_FX) for Add_FX
    control.o(i.UpdatePID_FX) refers to fx.o(i.Subtract_FX) for Subtract_FX
    control.o(i.Update_Set_Current) refers to fflti.o(.text) for __aeabi_ui2f
    control.o(i.Update_Set_Current) refers to fmul.o(x$fpl$fmul) for __aeabi_fmul
    control.o(i.Update_Set_Current) refers to ffixui.o(.text) for __aeabi_f2uiz
    control.o(i.Update_Set_Current) refers to control.o(.data) for .data
    dma.o(i.Configure_DMA_For_Playback) refers to dma.o(.data) for .data
    dma.o(i.DMA0_IRQHandler) refers to rtx_thread.o(.text.osThreadFlagsSet) for osThreadFlagsSet
    dma.o(i.DMA0_IRQHandler) refers to leds.o(i.Control_RGB_LEDs) for Control_RGB_LEDs
    dma.o(i.DMA0_IRQHandler) refers to timers.o(i.TPM0_Start) for TPM0_Start
    dma.o(i.DMA0_IRQHandler) refers to dma.o(.data) for .data
    dma.o(i.DMA0_IRQHandler) refers to threads.o(.data) for t_Refill_Sound_Buffer
    dma.o(i.Start_DMA_Playback) refers to timers.o(i.TPM0_Start) for TPM0_Start
    dma.o(i.Start_DMA_Playback) refers to dma.o(.data) for .data
    fx.o(i.Multiply_FX) refers to llmul.o(.text) for __aeabi_lmul
    main.o(i.main) refers to debug.o(i.Init_Debug_Signals) for Init_Debug_Signals
    main.o(i.main) refers to leds.o(i.Init_RGB_LEDs) for Init_RGB_LEDs
    main.o(i.main) refers to leds.o(i.Control_RGB_LEDs) for Control_RGB_LEDs
    main.o(i.main) refers to sound.o(i.Sound_Disable_Amp) for Sound_Disable_Amp
    main.o(i.main) refers to st7789.o(i.LCD_Init) for LCD_Init
    main.o(i.main) refers to lcd_text.o(i.LCD_Text_Init) for LCD_Text_Init
    main.o(i.main) refers to lcd_text.o(i.LCD_Erase) for LCD_Erase
    main.o(i.main) refers to lcd_text.o(i.LCD_Text_PrintStr_RC) for LCD_Text_PrintStr_RC
    main.o(i.main) refers to delay.o(i.Delay) for Delay
    main.o(i.main) refers to control.o(i.Init_Buck_HBLED) for Init_Buck_HBLED
    main.o(i.main) refers to rtx_kernel.o(.text.osKernelInitialize) for osKernelInitialize
    main.o(i.main) refers to threads.o(i.Create_OS_Objects) for Create_OS_Objects
    main.o(i.main) refers to rtx_kernel.o(.text.osKernelStart) for osKernelStart
    sound.o(i.Init_Voices) refers to sound.o(.bss) for .bss
[...]
    i.LCD_24S_Write_Data                     0x00002b04   Section        0  st7789.o(i.LCD_24S_Write_Data)
    LCD_24S_Write_Data                       0x00002b05   Thumb Code    36  st7789.o(i.LCD_24S_Write_Data)
    i.LCD_Erase                              0x00002b2c   Section        0  lcd_text.o(i.LCD_Erase)
    i.LCD_Fill_Buffer                        0x00002b3c   Section        0  st7789.o(i.LCD_Fill_Buffer)
    i.LCD_Fill_Rectangle                     0x00002bbe   Section        0  st7789.o(i.LCD_Fill_Rectangle)
    i.LCD_GPIO_Init                          0x00002c88   Section        0  st7789.o(i.LCD_GPIO_Init)
    i.LCD_Init                               0x00002dc4   Section        0  st7789.o(i.LCD_Init)
    i.LCD_Plot_Pixel                         0x00002e90   Section        0  st7789.o(i.LCD_Plot_Pixel)
    i.LCD_Start_Rectangle                    0x00002f02   Section        0  st7789.o(i.LCD_Start_Rectangle)
    i.LCD_TS_Init                            0x00002f98   Section        0  touchscreen.o(i.LCD_TS_Init)
    i.LCD_TS_Read                            0x00002fb8   Section        0  touchscreen.o(i.LCD_TS_Read)
    i.LCD_Text_Init                          0x000031b4   Section        0  lcd_text.o(i.LCD_Text_Init)
    i.LCD_Text_PrintChar                     0x000031f0   Section        0  lcd_text.o(i.LCD_Text_PrintChar)
    i.LCD_Text_PrintStr_RC                   0x00003398   Section        0  lcd_text.o(i.LCD_Text_PrintStr_RC)
    i.LCD_Text_Set_Colors                    0x000033f0   Section        0  lcd_text.o(i.LCD_Text_Set_Colors)
    i.LCD_Write_Rectangle_Pixel              0x00003418   Section        0  st7789.o(i.LCD_Write_Rectangle_Pixel)
    i.Multiply_FX                            0x0000344a   Section        0  fx.o(i.Multiply_FX)
    i.PIT_IRQHandler                         0x00003460   Section        0  timers.o(i.PIT_IRQHandler)
    i.PWM_Init                               0x00003508   Section        0  timers.o(i.PWM_Init)
    i.PWM_Set_Value                          0x00003594   Section        0  timers.o(i.PWM_Set_Value)
    i.Sound_Disable_Amp                      0x0000359c   Section        0  sound.o(i.Sound_Disable_Amp)
    i.Subtract_FX                            0x000035ac   Section        0  fx.o(i.Subtract_FX)
    i.SystemInit                             0x000035b0   Section        0  system_mkl25z4.o(i.SystemInit)
    i.TPM0_IRQHandler                        0x00003698   Section        0  timers.o(i.TPM0_IRQHandler)
    i.TPM0_Start                             0x000036d4   Section        0  timers.o(i.TPM0_Start)
    i.Thread_Buck_Update_Setpoint            0x000036e4   Section        0  threads.o(i.Thread_Buck_Update_Setpoint)
    i.Thread_Read_TS                         0x000036f0   Section        0  threads.o(i.Thread_Read_TS)
    i.Thread_Update_Screen                   0x00003718   Section        0  threads.o(i.Thread_Update_Screen)
    i.UI_Draw_Screen                         0x0000373c   Section        0  ui.o(i.UI_Draw_Screen)
    i.UI_Identify_Field                      0x00003954   Section        0  ui.o(i.UI_Identify_Field)
    i.UI_Process_Touch                       0x000039f0   Section        0  ui.o(i.UI_Process_Touch)
    i.UI_Update_Field_Values                 0x00003b04   Section        0  ui.o(i.UI_Update_Field_Values)
    i.Update_Set_Current                     0x00003b54   Section        0  control.o(i.Update_Set_Current)
    i._is_digit                              0x00003bc0   Section        0  __printf_wp.o(i._is_digit)
    i._mutex_acquire                         0x00003bd0   Section        0  rtx_lib.o(i._mutex_acquire)
    __tagsym$$used                           0x00003bd1   Number         0  rtx_lib.o(i._mutex_acquire)
    i._mutex_free                            0x00003c00   Section        0  rtx_lib.o(i._mutex_free)
    __tagsym$$used                           0x00003c01   Number         0  rtx_lib.o(i._mutex_free)
    i._mutex_initialize                      0x00003c0a   Section        0  rtx_lib.o(i._mutex_initialize)
    __tagsym$$used                           0x00003c0b   Number         0  rtx_lib.o(i._mutex_initialize)
    i._mutex_release                         0x00003c2c   Section        0  rtx_lib.o(i._mutex_release)
    __tagsym$$used                           0x00003c2d   Number         0  rtx_lib.o(i._mutex_release)
    i._platform_post_stackheap_init          0x00003c58   Section        0  rtx_lib.o(i._platform_post_stackheap_init)
    i.main                                   0x00003c60   Section        0  main.o(i.main)
    i.osRtxErrorNotify                       0x00003cc0   Section        0  rtx_config.o(i.osRtxErrorNotify)
    i.osRtxIdleThread                        0x00003cc4   Section        0  rtx_config.o(i.osRtxIdleThread)
    x$fpl$fadd                               0x00003cd4   Section      140  faddsub.o(x$fpl$fadd)
    _fadd1                                   0x00003ce1   Thumb Code     0  faddsub.o(x$fpl$fadd)
    x$fpl$fmul                               0x00003d60   Section      176  fmul.o(x$fpl$fmul)
    x$fpl$frleqf                             0x00003e10   Section       88  frlef.o(x$fpl$frleqf)
    x$fpl$fsub                               0x00003e68   Section      208  faddsub.o(x$fpl$fsub)
    _fsub1                                   0x00003e75   Thumb Code     0  faddsub.o(x$fpl$fsub)
    .constdata                               0x00003f38   Section      124  threads.o(.constdata)
    x$fpl$usenofp                            0x00003f38   Section        0  usenofp.o(x$fpl$usenofp)
    .constdata                               0x00003fb4   Section       16  ui.o(.constdata)
    .constdata                               0x00003fc4   Section     3831  lucida_12x19.o(.constdata)
    .constdata                               0x00004ebb   Section      142  st7789.o(.constdata)
    .constdata                               0x00004f4c   Section       32  region.o(.constdata)
    .constdata                               0x00004f6c   Section        4  region.o(.constdata)
    .constdata                               0x00004f70   Section       36  rtx_lib.o(.constdata)
    os_idle_thread_attr                      0x00004f70   Data          36  rtx_lib.o(.constdata)
    .constdata                               0x00004f94   Section       36  rtx_lib.o(.constdata)
    os_timer_thread_attr                     0x00004f94   Data          36  rtx_lib.o(.constdata)
    .constdata                               0x00004fb8   Section       24  rtx_lib.o(.constdata)
    os_timer_mq_attr                         0x00004fb8   Data          24  rtx_lib.o(.constdata)
    .constdata                               0x00004fd0   Section        4  rtx_lib.o(.constdata)
    .conststring                             0x00004fd4   Section       10  threads.o(.conststring)
    .rodata                                  0x00004fe0   Section      104  rtx_lib.o(.rodata)
    __tagsym$$used                           0x00004fe0   Number         0  rtx_lib.o(.rodata)
    [Anonymous Symbol]                       0x00005048   Section        0  rtx_kernel.o(.rodata.str1.4)
    .L.str                                   0x00005048   Data          11  rtx_kernel.o(.rodata.str1.4)
    .bss.os                                  0x1ffff000   Section     4096  rtx_lib.o(.bss.os)
    os_mem                                   0x1ffff000   Data        4096  rtx_lib.o(.bss.os)
    .bss.os                                  0x20000000   Section       64  rtx_lib.o(.bss.os)
    os_isr_queue                             0x20000000   Data          64  rtx_lib.o(.bss.os)
    .bss.os.msgqueue.cb                      0x20000040   Section       52  rtx_lib.o(.bss.os.msgqueue.cb)
    os_timer_mq_cb                           0x20000040   Data          52  rtx_lib.o(.bss.os.msgqueue.cb)
    .bss.os.msgqueue.mem                     0x20000074   Section       80  rtx_lib.o(.bss.os.msgqueue.mem)
    os_timer_mq_data                         0x20000074   Data          80  rtx_lib.o(.bss.os.msgqueue.mem)
    .bss.os.thread.cb                        0x200000c4   Section       68  rtx_lib.o(.bss.os.thread.cb)
    os_idle_thread_cb                        0x200000c4   Data          68  rtx_lib.o(.bss.os.thread.cb)
    .bss.os.thread.cb                        0x20000108   Section       68  rtx_lib.o(.bss.os.thread.cb)
    os_timer_thread_cb                       0x20000108   Data          68  rtx_lib.o(.bss.os.thread.cb)
    .bss.os.thread.stack                     0x20000150   Section      256  rtx_lib.o(.bss.os.thread.stack)
    os_idle_thread_stack                     0x20000150   Data         256  rtx_lib.o(.bss.os.thread.stack)
    .bss.os.thread.stack                     0x20000250   Section      256  rtx_lib.o(.bss.os.thread.stack)
    os_timer_thread_stack                    0x20000250   Data         256  rtx_lib.o(.bss.os.thread.stack)
    .data                                    0x20000350   Section      120  control.o(.data)
    conversion_type                          0x2000036c   Data           4  control.o(.data)
    req_size                                 0x20000370   Data           4  control.o(.data)
    state                                    0x20000374   Data           4  control.o(.data)
    adc_val                                  0x20000384   Data           4  control.o(.data)
    delay                                    0x20000388   Data           4  control.o(.data)
    .data                                    0x200003c8   Section       20  dma.o(.data)
    .data                                    0x200003dc   Section        1  main.o(.data)
    .data                                    0x200003e0   Section       24  threads.o(.data)
    .data                                    0x200003f8   Section        4  threads.o(.data)
    .data                                    0x200003fc   Section        8  timers.o(.data)
    control_divider                          0x20000400   Data           4  timers.o(.data)
    .data                                    0x20000404   Section      732  ui.o(.data)
    initialized                              0x20000408   Data           4  ui.o(.data)
    counter                                  0x2000040c   Data           4  ui.o(.data)
    .data                                    0x200006e0   Section       20  lcd_text.o(.data)
    .data                                    0x200006f4   Section       48  touchscreen.o(.data)
    xl                                       0x200006f6   Data           2  touchscreen.o(.data)
    yu                                       0x200006f8   Data           2  touchscreen.o(.data)
    msg1                                     0x2000070c   Data           4  touchscreen.o(.data)
    msg2                                     0x20000710   Data           4  touchscreen.o(.data)
    .data                                    0x20000724   Section        3  colors.o(.data)
    .data                                    0x20000727   Section        3  colors.o(.data)
    .data                                    0x2000072a   Section        3  colors.o(.data)
    .data                                    0x2000072d   Section        3  colors.o(.data)
    .data                                    0x20000730   Section        3  colors.o(.data)
    .data                                    0x20000733   Section        3  colors.o(.data)
    .data                                    0x20000736   Section        3  colors.o(.data)
    .data                                    0x20000739   Section        3  colors.o(.data)
    .data                                    0x2000073c   Section        3  colors.o(.data)
    .data                                    0x2000073f   Section        3  colors.o(.data)
    .data                                    0x20000742   Section        3  colors.o(.data)
    .data                                    0x20000745   Section        3  colors.o(.data)
    .data                                    0x20000748   Section        3  colors.o(.data)
    .data                                    0x2000074c   Section        4  profile.o(.data)
    .data                                    0x20000750   Section        4  profile.o(.data)
    .data                                    0x20000754   Section        4  profile.o(.data)
    .data                                    0x20000758   Section        1  profile.o(.data)
    .data                                    0x2000075c   Section        4  region.o(.data)
    .data                                    0x20000760   Section        1  rtx_lib.o(.data)
    os_kernel_active                         0x20000760   Data           1  rtx_lib.o(.data)
    .data                                    0x20000764   Section        4  system_mkl25z4.o(.data)
    .bss                                     0x2000080c   Section     7680  control.o(.bss)
    .bss                                     0x2000260c   Section       96  libspace.o(.bss)
    [Anonymous Symbol]                       0x2000266c   Section        0  os_systick.o(.bss.PendST)
    PendST                                   0x2000266c   Data           1  os_systick.o(.bss.PendST)
    HEAP                                     0x20002670   Section        0  startup_mkl25z4.o(HEAP)
    STACK                                    0x20002670   Section      768  startup_mkl25z4.o(STACK)
    Heap_Mem                                 0x20002670   Data           0  startup_mkl25z4.o(HEAP)
    Stack_Mem                                0x20002670   Data         768  startup_mkl25z4.o(STACK)
    __initial_sp                             0x20002970   Data           0  startup_mkl25z4.o(STACK)

    Global Symbols

    Symbol Name                              Value     Ov Type        Size  Object(Section)

    BuildAttributes$$THM_ISAv3M$S$PE$A:L22$X:L11$S22$IEEE1$IW$~IW$USESV6$~STKCKD$USESV7$~SHL$OTIME$ROPI$IEEEX$EBA8$UX$STANDARDLIB$REQ8$PRES8$EABIv2 0x00000000   Number         0  anon$$obj.o ABSOLUTE
    __ARM_use_no_argv                        0x00000000   Number         0  main.o ABSOLUTE
    __Vectors                                0x00000000   Data           4  startup_mkl25z4.o(RESET)
    _printf_flags                            0x00000000   Number         0  printf_stubs.o ABSOLUTE
    _printf_return_value                     0x00000000   Number         0  printf_stubs.o ABSOLUTE
    _printf_sizespec                         0x00000000   Number         0  printf_stubs.o ABSOLUTE
    _printf_widthprec                        0x00000000   Number         0  printf_stubs.o ABSOLUTE
    .bss.os.evflags.cb$$Base                  - Undefined Weak Reference
    .bss.os.evflags.cb$$Limit                 - Undefined Weak Reference
    .bss.os.mempool.cb$$Base                  - Undefined Weak Reference
    .bss.os.mempool.cb$$Limit                 - Undefined Weak Reference
    .bss.os.mutex.cb$$Base                    - Undefined Weak Reference
    .bss.os.mutex.cb$$Limit                   - Undefined Weak Reference
    .bss.os.semaphore.cb$$Base                - Undefined Weak Reference
    .bss.os.semaphore.cb$$Limit               - Undefined Weak Reference
    .bss.os.timer.cb$$Base                    - Undefined Weak Reference
    .bss.os.timer.cb$$Limit                   - Undefined Weak Reference
    __ARM_exceptions_init                     - Undefined Weak Reference
    __alloca_initialize                       - Undefined Weak Reference
    __arm_preinit_                            - Undefined Weak Reference
    __cpp_initialize__aeabi_                  - Undefined Weak Reference
    __cxa_finalize                            - Undefined Weak Reference
    __rt_locale                               - Undefined Weak Reference
    __sigvec_lookup                           - Undefined Weak Reference
    _atexit_init                              - Undefined Weak Reference
    _call_atexit_fns                          - Undefined Weak Reference
    _clock_init                               - Undefined Weak Reference
    _fp_trap_init                             - Undefined Weak Reference
    _fp_trap_shutdown                         - Undefined Weak Reference
    _get_lc_collate                           - Undefined Weak Reference
    _get_lc_ctype                             - Undefined Weak Reference
    _get_lc_monetary                          - Undefined Weak Reference
    _get_lc_numeric                           - Undefined Weak Reference
    _get_lc_time                              - Undefined Weak Reference
    _getenv_init                              - Undefined Weak Reference
    _handle_redirection                       - Undefined Weak Reference
    _init_alloc                               - Undefined Weak Reference
    _init_user_alloc                          - Undefined Weak Reference
    _initio                                   - Undefined Weak Reference
    _printf_mbtowc                            - Undefined Weak Reference
    _printf_truncate_signed                   - Undefined Weak Reference
    _printf_truncate_unsigned                 - Undefined Weak Reference
    _rand_init                                - Undefined Weak Reference
    _signal_finish                            - Undefined Weak Reference
    _signal_init                              - Undefined Weak Reference
    _terminate_alloc                          - Undefined Weak Reference
    _terminate_user_alloc                     - Undefined Weak Reference
    _terminateio                              - Undefined Weak Reference
    __Vectors_End                            0x000000c0   Data           0  startup_mkl25z4.o(RESET)
    __Vectors_Size                           0x000000c0   Number         0  startup_mkl25z4.o ABSOLUTE
    __main                                   0x000000c1   Thumb Code     8  __main.o(!!!main)
    __scatterload                            0x000000c9   Thumb Code     0  __scatter.o(!!!scatter)
    __scatterload_rt2                        0x000000c9   Thumb Code    52  __scatter.o(!!!scatter)
    __scatterload_rt2_thumb_only             0x000000c9   Thumb Code     0  __scatter.o(!!!scatter)
    __scatterload_null                       0x000000d9   Thumb Code     0  __scatter.o(!!!scatter)
    __scatterload_zeroinit                   0x00000105   Thumb Code    28  __scatter_zi.o(!!handler_zi)
    _printf_percent                          0x00000121   Thumb Code     0  _printf_percent.o(.ARM.Collect$$_printf_percent$$00000000)
    _printf_d                                0x00000123   Thumb Code     0  _printf_d.o(.ARM.Collect$$_printf_percent$$00000009)
    _printf_s                                0x0000012d   Thumb Code     0  _printf_s.o(.ARM.Collect$$_printf_percent$$00000014)
    _printf_percent_end                      0x00000137   Thumb Code     0  _printf_percent_end.o(.ARM.Collect$$_printf_percent$$00000017)
    __rt_lib_init                            0x0000013b   Thumb Code     0  libinit.o(.ARM.Collect$$libinit$$00000000)
    __rt_lib_init_alloca_1                   0x0000013d   Thumb Code     0  libinit2.o(.ARM.Collect$$libinit$$0000002E)
    __rt_lib_init_argv_1                     0x0000013d   Thumb Code     0  libinit2.o(.ARM.Collect$$libinit$$0000002C)
    __rt_lib_init_atexit_1                   0x0000013d   Thumb Code     0  libinit2.o(.ARM.Collect$$libinit$$0000001B)
    __rt_lib_init_clock_1                    0x0000013d   Thumb Code     0  libinit2.o(.ARM.Collect$$libinit$$00000021)
    __rt_lib_init_cpp_1                      0x0000013d   Thumb Code     0  libinit2.o(.ARM.Collect$$libinit$$00000032)
    __rt_lib_init_exceptions_1               0x0000013d   Thumb Code     0  libinit2.o(.ARM.Collect$$libinit$$00000030)
    __rt_lib_init_fp_1                       0x0000013d   Thumb Code     0  libinit2.o(.ARM.Collect$$libinit$$00000002)
    __rt_lib_init_fp_trap_1                  0x0000013d   Thumb Code     0  libinit2.o(.ARM.Collect$$libinit$$0000001F)
    __rt_lib_init_getenv_1                   0x0000013d   Thumb Code     0  libinit2.o(.ARM.Collect$$libinit$$00000023)
    __rt_lib_init_heap_1                     0x0000013d   Thumb Code     0  libinit2.o(.ARM.Collect$$libinit$$0000000A)
    __rt_lib_init_lc_collate_1               0x0000013d   Thumb Code     0  libinit2.o(.ARM.Collect$$libinit$$00000011)
    __rt_lib_init_lc_ctype_1                 0x0000013d   Thumb Code     0  libinit2.o(.ARM.Collect$$libinit$$00000013)
    __rt_lib_init_lc_monetary_1              0x0000013d   Thumb Code     0  libinit2.o(.ARM.Collect$$libinit$$00000015)
    __rt_lib_init_lc_numeric_1               0x0000013d   Thumb Code     0  libinit2.o(.ARM.Collect$$libinit$$00000017)
    __rt_lib_init_lc_time_1                  0x0000013d   Thumb Code     0  libinit2.o(.ARM.Collect$$libinit$$00000019)
    __rt_lib_init_preinit_1                  0x0000013d   Thumb Code     0  libinit2.o(.ARM.Collect$$libinit$$00000004)
    __rt_lib_init_rand_1                     0x0000013d   Thumb Code     0  libinit2.o(.ARM.Collect$$libinit$$0000000E)
    __rt_lib_init_return                     0x0000013d   Thumb Code     0  libinit2.o(.ARM.Collect$$libinit$$00000033)
    __rt_lib_init_signal_1                   0x0000013d   Thumb Code     0  libinit2.o(.ARM.Collect$$libinit$$0000001D)
    __rt_lib_init_stdio_1                    0x0000013d   Thumb Code     0  libinit2.o(.ARM.Collect$$libinit$$00000025)
    __rt_lib_init_user_alloc_1               0x0000013d   Thumb Code     0  libinit2.o(.ARM.Collect$$libinit$$0000000C)
    __rt_lib_shutdown                        0x0000013f   Thumb Code     0  libshutdown.o(.ARM.Collect$$libshutdown$$00000000)
    __rt_lib_shutdown_cpp_1                  0x00000141   Thumb Code     0  libshutdown2.o(.ARM.Collect$$libshutdown$$00000002)
    __rt_lib_shutdown_fp_trap_1              0x00000141   Thumb Code     0  libshutdown2.o(.ARM.Collect$$libshutdown$$00000007)
    __rt_lib_shutdown_heap_1                 0x00000141   Thumb Code     0  libshutdown2.o(.ARM.Collect$$libshutdown$$0000000F)
    __rt_lib_shutdown_return                 0x00000141   Thumb Code     0  libshutdown2.o(.ARM.Collect$$libshutdown$$00000010)
    __rt_lib_shutdown_signal_1               0x00000141   Thumb Code     0  libshutdown2.o(.ARM.Collect$$libshutdown$$0000000A)
    __rt_lib_shutdown_stdio_1                0x00000141   Thumb Code     0  libshutdown2.o(.ARM.Collect$$libshutdown$$00000004)
    __rt_lib_shutdown_user_alloc_1           0x00000141   Thumb Code     0  libshutdown2.o(.ARM.Collect$$libshutdown$$0000000C)
    __rt_entry                               0x00000143   Thumb Code     0  __rtentry.o(.ARM.Collect$$rtentry$$00000000)
    __rt_entry_presh_1                       0x00000143   Thumb Code     0  __rtentry2.o(.ARM.Collect$$rtentry$$00000002)
    __rt_entry_sh                            0x00000143   Thumb Code     0  __rtentry4.o(.ARM.Collect$$rtentry$$00000004)
    __rt_entry_postsh_1                      0x00000149   Thumb Code     0  __rtentry2.o(.ARM.Collect$$rtentry$$00000008)
    __rt_entry_li                            0x00000151   Thumb Code     0  __rtentry2.o(.ARM.Collect$$rtentry$$0000000A)
    __rt_entry_main                          0x00000155   Thumb Code     0  __rtentry2.o(.ARM.Collect$$rtentry$$0000000D)
    __rt_entry_postli_1                      0x00000155   Thumb Code     0  __rtentry2.o(.ARM.Collect$$rtentry$$0000000C)
    __rt_exit                                0x0000015d   Thumb Code     0  rtexit.o(.ARM.Collect$$rtexit$$00000000)
    __rt_exit_ls                             0x0000015f   Thumb Code     0  rtexit2.o(.ARM.Collect$$rtexit$$00000003)
    __rt_exit_prels_1                        0x0000015f   Thumb Code     0  rtexit2.o(.ARM.Collect$$rtexit$$00000002)
    __rt_exit_exit                           0x00000163   Thumb Code     0  rtexit2.o(.ARM.Collect$$rtexit$$00000004)
    __aeabi_memcpy4                          0x00000169   Thumb Code    56  rt_memcpy.o(.emb_text)
    __aeabi_memcpy8                          0x00000169   Thumb Code     0  rt_memcpy.o(.emb_text)
    Reset_Handler                            0x000001a1   Thumb Code    12  startup_mkl25z4.o(.text)
    NMI_Handler                              0x000001ad   Thumb Code     2  startup_mkl25z4.o(.text)
    HardFault_Handler                        0x000001af   Thumb Code     2  startup_mkl25z4.o(.text)
    CMP0_IRQHandler                          0x000001b7   Thumb Code     0  startup_mkl25z4.o(.text)
    DAC0_IRQHandler                          0x000001b7   Thumb Code     0  startup_mkl25z4.o(.text)
    DMA1_IRQHandler                          0x000001b7   Thumb Code     0  startup_mkl25z4.o(.text)
    DMA2_IRQHandler                          0x000001b7   Thumb Code     0  startup_mkl25z4.o(.text)
    DMA3_IRQHandler                          0x000001b7   Thumb Code     0  startup_mkl25z4.o(.text)
    DefaultISR                               0x000001b7   Thumb Code     0  startup_mkl25z4.o(.text)
    FTFA_IRQHandler                          0x000001b7   Thumb Code     0  startup_mkl25z4.o(.text)
    I2C0_IRQHandler                          0x000001b7   Thumb Code     0  startup_mkl25z4.o(.text)
    I2C1_IRQHandler                          0x000001b7   Thumb Code     0  startup_mkl25z4.o(.text)
    LLWU_IRQHandler                          0x000001b7   Thumb Code     0  startup_mkl25z4.o(.text)
    LPTMR0_IRQHandler                        0x000001b7   Thumb Code     0  startup_mkl25z4.o(.text)
    LVD_LVW_IRQHandler                       0x000001b7   Thumb Code     0  startup_mkl25z4.o(.text)
    MCG_IRQHandler                           0x000001b7   Thumb Code     0  startup_mkl25z4.o(.text)
    PORTA_IRQHandler                         0x000001b7   Thumb Code     0  startup_mkl25z4.o(.text)
    PORTD_IRQHandler                         0x000001b7   Thumb Code     0  startup_mkl25z4.o(.text)
    RTC_IRQHandler                           0x000001b7   Thumb Code     0  startup_mkl25z4.o(.text)
    RTC_Seconds_IRQHandler                   0x000001b7   Thumb Code     0  startup_mkl25z4.o(.text)
    Reserved20_IRQHandler                    0x000001b7   Thumb Code     0  startup_mkl25z4.o(.text)
    Reserved39_IRQHandler                    0x000001b7   Thumb Code     0  startup_mkl25z4.o(.text)
    Reserved45_IRQHandler                    0x000001b7   Thumb Code     0  startup_mkl25z4.o(.text)
    SPI0_IRQHandler                          0x000001b7   Thumb Code     0  startup_mkl25z4.o(.text)
    SPI1_IRQHandler                          0x000001b7   Thumb Code     0  startup_mkl25z4.o(.text)
    TPM1_IRQHandler                          0x000001b7   Thumb Code     0  startup_mkl25z4.o(.text)
    TPM2_IRQHandler                          0x000001b7   Thumb Code     0  startup_mkl25z4.o(.text)
    TSI0_IRQHandler                          0x000001b7   Thumb Code     0  startup_mkl25z4.o(.text)
    UART0_IRQHandler                         0x000001b7   Thumb Code     0  startup_mkl25z4.o(.text)
    UART1_IRQHandler                         0x000001b7   Thumb Code     0  startup_mkl25z4.o(.text)
    UART2_IRQHandler                         0x000001b7   Thumb Code     0  startup_mkl25z4.o(.text)
    USB0_IRQHandler                          0x000001b7   Thumb Code     0  startup_mkl25z4.o(.text)
    __user_initial_stackheap                 0x000001bd   Thumb Code     0  startup_mkl25z4.o(.text)
    SVC_Handler                              0x000001e1   Thumb Code   132  irq_cm0.o(.text)
    PendSV_Handler                           0x00000265   Thumb Code    12  irq_cm0.o(.text)
    SysTick_Handler                          0x00000271   Thumb Code    12  irq_cm0.o(.text)
    __aeabi_lmul                             0x00000285   Thumb Code    48  llmul.o(.text)
    _ll_mul                                  0x00000285   Thumb Code     0  llmul.o(.text)
    __2sprintf                               0x000002b5   Thumb Code    36  noretval__2sprintf.o(.text)
    __2snprintf                              0x000002dd   Thumb Code    50  noretval__2snprintf.o(.text)
    _printf_pre_padding                      0x00000315   Thumb Code    44  _printf_pad.o(.text)
    _printf_post_padding                     0x00000341   Thumb Code    34  _printf_pad.o(.text)
    _printf_str                              0x00000363   Thumb Code    82  _printf_str.o(.text)
    strlen                                   0x000003b5   Thumb Code    62  strlen.o(.text)
    __use_two_region_memory                  0x000003f9   Thumb Code     2  heapauxi.o(.text)
    __rt_heap_escrow$2region                 0x000003fb   Thumb Code     2  heapauxi.o(.text)
    __rt_heap_expand$2region                 0x000003fd   Thumb Code     2  heapauxi.o(.text)
    __I$use$semihosting                      0x000003ff   Thumb Code     0  use_no_semi.o(.text)
    __use_no_semihosting_swi                 0x000003ff   Thumb Code     2  use_no_semi.o(.text)
    _printf_int_dec                          0x00000411   Thumb Code    90  _printf_dec.o(.text)
    __printf                                 0x0000047d   Thumb Code   270  __printf_wp.o(.text)
    __aeabi_memcpy                           0x0000058b   Thumb Code   130  rt_memcpy.o(.text)
    __rt_memcpy                              0x0000058b   Thumb Code     0  rt_memcpy.o(.text)
    _memset_w                                0x0000060d   Thumb Code    26  rt_memclr.o(.text)
    _memset                                  0x00000627   Thumb Code    30  rt_memclr.o(.text)
    __aeabi_memclr                           0x00000645   Thumb Code     4  rt_memclr.o(.text)
    __rt_memclr                              0x00000645   Thumb Code     0  rt_memclr.o(.text)
    __aeabi_memclr4                          0x00000649   Thumb Code     0  rt_memclr.o(.text)
    __aeabi_memclr8                          0x00000649   Thumb Code     0  rt_memclr.o(.text)
    __rt_memclr_w                            0x00000649   Thumb Code     4  rt_memclr.o(.text)
    __aeabi_uidiv                            0x0000064d   Thumb Code     0  aeabi_sdivfast.o(.text)
    __aeabi_uidivmod                         0x0000064d   Thumb Code    28  aeabi_sdivfast.o(.text)
    __aeabi_idiv                             0x00000669   Thumb Code     0  aeabi_sdivfast.o(.text)
    __aeabi_idivmod                          0x00000669   Thumb Code   460  aeabi_sdivfast.o(.text)
    __aeabi_f2iz                             0x00000835   Thumb Code     0  ffixi.o(.text)
    _ffix                                    0x00000835   Thumb Code    76  ffixi.o(.text)
    __aeabi_f2uiz                            0x00000881   Thumb Code     0  ffixui.o(.text)
    _ffixu                                   0x00000881   Thumb Code    48  ffixui.o(.text)
    __aeabi_i2f_normalise                    0x000008b1   Thumb Code    72  fflti.o(.text)
    __aeabi_i2f                              0x000008f9   Thumb Code    16  fflti.o(.text)
    _fflt                                    0x000008f9   Thumb Code     0  fflti.o(.text)
    __aeabi_ui2f                             0x00000909   Thumb Code     6  fflti.o(.text)
    _ffltu                                   0x00000909   Thumb Code     0  fflti.o(.text)
    _printf_int_common                       0x0000090f   Thumb Code   176  _printf_intcommon.o(.text)
    _printf_char_common                      0x000009cb   Thumb Code    32  _printf_char_common.o(.text)
    _sputc                                   0x000009f1   Thumb Code    10  _sputc.o(.text)
    _snputc                                  0x000009fb   Thumb Code    16  _snputc.o(.text)
    _printf_cs_common                        0x00000a0b   Thumb Code    22  _printf_char.o(.text)
    _printf_char                             0x00000a21   Thumb Code    16  _printf_char.o(.text)
    _printf_string                           0x00000a31   Thumb Code     8  _printf_char.o(.text)
    __rt_udiv10                              0x00000a39   Thumb Code    40  rtudiv10.o(.text)
    __fpl_fcmp_InfNaN                        0x00000a61   Thumb Code    96  fcmpin.o(.text)
    __fpl_cmpreturn                          0x00000ac5   Thumb Code    46  cmpret.o(.text)
    __fpl_fcheck_NaN2                        0x00000af5   Thumb Code    10  fnan2.o(.text)
    __user_libspace                          0x00000b05   Thumb Code     8  libspace.o(.text)
    __user_perproc_libspace                  0x00000b05   Thumb Code     0  libspace.o(.text)
    __user_setup_stackheap                   0x00000b0d   Thumb Code    62  sys_stackheap_outer.o(.text)
    exit                                     0x00000b4b   Thumb Code    16  exit.o(.text)
    __fpl_return_NaN                         0x00000b5b   Thumb Code    94  retnan.o(.text)
    _sys_exit                                0x00000bb9   Thumb Code     8  sys_exit.o(.text)
    __decompress                             0x00000bc5   Thumb Code     0  __dczerorl2.o(.text)
    __decompress1                            0x00000bc5   Thumb Code    86  __dczerorl2.o(.text)
    __semihosting_library_function           0x00000bc5   Thumb Code     0  indicate_semi.o(.text)
    OS_Tick_AcknowledgeIRQ                   0x00000ce9   Thumb Code    12  os_systick.o(.text.OS_Tick_AcknowledgeIRQ)
    OS_Tick_Enable                           0x00000cf5   Thumb Code    44  os_systick.o(.text.OS_Tick_Enable)
    OS_Tick_GetIRQn                          0x00000d21   Thumb Code     6  os_systick.o(.text.OS_Tick_GetIRQn)
    OS_Tick_Setup                            0x00000d29   Thumb Code    76  os_systick.o(.text.OS_Tick_Setup)
    osDelay                                  0x00000e15   Thumb Code    40  rtx_delay.o(.text.osDelay)
    osKernelGetState                         0x00000e3d   Thumb Code    48  rtx_kernel.o(.text.osKernelGetState)
    osKernelInitialize                       0x00000e6d   Thumb Code    40  rtx_kernel.o(.text.osKernelInitialize)
    osKernelStart                            0x00000e95   Thumb Code    36  rtx_kernel.o(.text.osKernelStart)
    osMessageQueueGet                        0x00000eb9   Thumb Code   116  rtx_msgqueue.o(.text.osMessageQueueGet)
    osMessageQueueGetCount                   0x00000f2d   Thumb Code    48  rtx_msgqueue.o(.text.osMessageQueueGetCount)
    osMessageQueueNew                        0x00000f5d   Thumb Code    36  rtx_msgqueue.o(.text.osMessageQueueNew)
    osMessageQueuePut                        0x00000f81   Thumb Code   128  rtx_msgqueue.o(.text.osMessageQueuePut)
    osMutexAcquire                           0x00001001   Thumb Code    40  rtx_mutex.o(.text.osMutexAcquire)
    osMutexDelete                            0x00001029   Thumb Code    40  rtx_mutex.o(.text.osMutexDelete)
    osMutexNew                               0x00001051   Thumb Code    36  rtx_mutex.o(.text.osMutexNew)
    osMutexRelease                           0x00001075   Thumb Code    40  rtx_mutex.o(.text.osMutexRelease)
    osRtxKernelPreInit                       0x0000109d   Thumb Code     2  rtx_kernel.o(.text.osRtxKernelPreInit)
    osRtxMemoryAlloc                         0x0000109f   Thumb Code   120  rtx_memory.o(.text.osRtxMemoryAlloc)
    osRtxMemoryFree                          0x00001117   Thumb Code    78  rtx_memory.o(.text.osRtxMemoryFree)
    osRtxMemoryInit                          0x00001165   Thumb Code    58  rtx_memory.o(.text.osRtxMemoryInit)
    osRtxMemoryPoolAlloc                     0x0000119f   Thumb Code    44  rtx_mempool.o(.text.osRtxMemoryPoolAlloc)
    osRtxMemoryPoolFree                      0x000011cb   Thumb Code    60  rtx_mempool.o(.text.osRtxMemoryPoolFree)
    osRtxMemoryPoolInit                      0x00001207   Thumb Code    68  rtx_mempool.o(.text.osRtxMemoryPoolInit)
    osRtxMutexOwnerRelease                   0x0000130b   Thumb Code    62  rtx_mutex.o(.text.osRtxMutexOwnerRelease)
    osRtxPendSV_Handler                      0x00001349   Thumb Code   128  rtx_system.o(.text.osRtxPendSV_Handler)
    osRtxPostProcess                         0x000013c9   Thumb Code   108  rtx_system.o(.text.osRtxPostProcess)
    osRtxThreadDelayTick                     0x00001535   Thumb Code    56  rtx_thread.o(.text.osRtxThreadDelayTick)
    osRtxThreadDispatch                      0x0000156d   Thumb Code    80  rtx_thread.o(.text.osRtxThreadDispatch)
    osRtxThreadListGet                       0x0000160d   Thumb Code    20  rtx_thread.o(.text.osRtxThreadListGet)
    osRtxThreadListPut                       0x00001621   Thumb Code    44  rtx_thread.o(.text.osRtxThreadListPut)
    osRtxThreadListRemove                    0x0000164d   Thumb Code    24  rtx_thread.o(.text.osRtxThreadListRemove)
    osRtxThreadListSort                      0x00001665   Thumb Code    38  rtx_thread.o(.text.osRtxThreadListSort)
    osRtxThreadReadyPut                      0x000016b1   Thumb Code    24  rtx_thread.o(.text.osRtxThreadReadyPut)
    osRtxThreadRegPtr                        0x000016c9   Thumb Code     6  rtx_thread.o(.text.osRtxThreadRegPtr)
    osRtxThreadStackCheck                    0x000016d1   Thumb Code    44  rtx_thread.o(.text.osRtxThreadStackCheck)
    osRtxThreadStartup                       0x000016fd   Thumb Code    68  rtx_thread.o(.text.osRtxThreadStartup)
    osRtxThreadSwitch                        0x00001741   Thumb Code    20  rtx_thread.o(.text.osRtxThreadSwitch)
    osRtxThreadWaitEnter                     0x00001755   Thumb Code    60  rtx_thread.o(.text.osRtxThreadWaitEnter)
    osRtxThreadWaitExit                      0x00001791   Thumb Code    34  rtx_thread.o(.text.osRtxThreadWaitExit)
    osRtxTick_Handler                        0x000017b5   Thumb Code   116  rtx_system.o(.text.osRtxTick_Handler)
    osRtxTimerThread                         0x00001829   Thumb Code    60  rtx_timer.o(.text.osRtxTimerThread)
    osThreadExit                             0x000018c5   Thumb Code    12  rtx_thread.o(.text.osThreadExit)
    osThreadFlagsSet                         0x000018d1   Thumb Code    88  rtx_thread.o(.text.osThreadFlagsSet)
    osThreadNew                              0x00001929   Thumb Code    36  rtx_thread.o(.text.osThreadNew)
    ADC0_IRQHandler                          0x00002445   Thumb Code   184  control.o(i.ADC0_IRQHandler)
    Add_FX                                   0x00002519   Thumb Code     4  fx.o(i.Add_FX)
    Control_DutyCycle_Handler                0x0000251d   Thumb Code    58  control.o(i.Control_DutyCycle_Handler)
    Control_HBLED                            0x00002561   Thumb Code   462  control.o(i.Control_HBLED)
    Control_IntNonNegative_Handler           0x0000275d   Thumb Code    28  control.o(i.Control_IntNonNegative_Handler)
    Control_OnOff_Handler                    0x00002779   Thumb Code    20  control.o(i.Control_OnOff_Handler)
    Control_RGB_LEDs                         0x0000278d   Thumb Code    52  leds.o(i.Control_RGB_LEDs)
    Create_OS_Objects                        0x000027c9   Thumb Code    74  threads.o(i.Create_OS_Objects)
    DMA0_IRQHandler                          0x00002835   Thumb Code   102  dma.o(i.DMA0_IRQHandler)
    Delay                                    0x000028b9   Thumb Code    20  delay.o(i.Delay)
    Init_ADC_HBLED                           0x000028d1   Thumb Code    78  control.o(i.Init_ADC_HBLED)
    Init_Buck_HBLED                          0x00002935   Thumb Code   110  control.o(i.Init_Buck_HBLED)
    Init_Debug_Signals                       0x000029bd   Thumb Code   158  debug.o(i.Init_Debug_Signals)
    Init_RGB_LEDs                            0x00002a75   Thumb Code    82  leds.o(i.Init_RGB_LEDs)
    LCD_Erase                                0x00002b2d   Thumb Code    10  lcd_text.o(i.LCD_Erase)
    LCD_Fill_Buffer                          0x00002b3d   Thumb Code   130  st7789.o(i.LCD_Fill_Buffer)
    LCD_Fill_Rectangle                       0x00002bbf   Thumb Code   202  st7789.o(i.LCD_Fill_Rectangle)
    LCD_GPIO_Init                            0x00002c89   Thumb Code   294  st7789.o(i.LCD_GPIO_Init)
    LCD_Init                                 0x00002dc5   Thumb Code   178  st7789.o(i.LCD_Init)
    LCD_Plot_Pixel                           0x00002e91   Thumb Code   114  st7789.o(i.LCD_Plot_Pixel)
    LCD_Start_Rectangle                      0x00002f03   Thumb Code   150  st7789.o(i.LCD_Start_Rectangle)
    LCD_TS_Init                              0x00002f99   Thumb Code    24  touchscreen.o(i.LCD_TS_Init)
    LCD_TS_Read                              0x00002fb9   Thumb Code   470  touchscreen.o(i.LCD_TS_Read)
    LCD_Text_Init                            0x000031b5   Thumb Code    42  lcd_text.o(i.LCD_Text_Init)
    LCD_Text_PrintChar                       0x000031f1   Thumb Code   412  lcd_text.o(i.LCD_Text_PrintChar)
    LCD_Text_PrintStr_RC                     0x00003399   Thumb Code    82  lcd_text.o(i.LCD_Text_PrintStr_RC)
    LCD_Text_Set_Colors                      0x000033f1   Thumb Code    30  lcd_text.o(i.LCD_Text_Set_Colors)
    LCD_Write_Rectangle_Pixel                0x00003419   Thumb Code    50  st7789.o(i.LCD_Write_Rectangle_Pixel)
    Multiply_FX                              0x0000344b   Thumb Code    22  fx.o(i.Multiply_FX)
    PIT_IRQHandler                           0x00003461   Thumb Code   130  timers.o(i.PIT_IRQHandler)
    PWM_Init                                 0x00003509   Thumb Code   122  timers.o(i.PWM_Init)
    PWM_Set_Value                            0x00003595   Thumb Code     8  timers.o(i.PWM_Set_Value)
    Sound_Disable_Amp                        0x0000359d   Thumb Code    10  sound.o(i.Sound_Disable_Amp)
    Subtract_FX                              0x000035ad   Thumb Code     4  fx.o(i.Subtract_FX)
    SystemInit                               0x000035b1   Thumb Code   184  system_mkl25z4.o(i.SystemInit)
    TPM0_IRQHandler                          0x00003699   Thumb Code    44  timers.o(i.TPM0_IRQHandler)
    TPM0_Start                               0x000036d5   Thumb Code    12  timers.o(i.TPM0_Start)
    Thread_Buck_Update_Setpoint              0x000036e5   Thumb Code    12  threads.o(i.Thread_Buck_Update_Setpoint)
    Thread_Read_TS                           0x000036f1   Thumb Code    34  threads.o(i.Thread_Read_TS)
    Thread_Update_Screen                     0x00003719   Thumb Code    30  threads.o(i.Thread_Update_Screen)
    UI_Draw_Screen                           0x0000373d   Thumb Code   452  ui.o(i.UI_Draw_Screen)
    UI_Identify_Field                        0x00003955   Thumb Code   138  ui.o(i.UI_Identify_Field)
    UI_Process_Touch                         0x000039f1   Thumb Code   260  ui.o(i.UI_Process_Touch)
    UI_Update_Field_Values                   0x00003b05   Thumb Code    66  ui.o(i.UI_Update_Field_Values)
    Update_Set_Current                       0x00003b55   Thumb Code    94  control.o(i.Update_Set_Current)
    _is_digit                                0x00003bc1   Thumb Code    14  __printf_wp.o(i._is_digit)
    _mutex_acquire                           0x00003bd1   Thumb Code    44  rtx_lib.o(i._mutex_acquire)
    _mutex_free                              0x00003c01   Thumb Code    10  rtx_lib.o(i._mutex_free)
    _mutex_initialize                        0x00003c0b   Thumb Code    34  rtx_lib.o(i._mutex_initialize)
    _mutex_release                           0x00003c2d   Thumb Code    40  rtx_lib.o(i._mutex_release)
    _platform_post_stackheap_init            0x00003c59   Thumb Code     8  rtx_lib.o(i._platform_post_stackheap_init)
    main                                     0x00003c61   Thumb Code    82  main.o(i.main)
    osRtxErrorNotify                         0x00003cc1   Thumb Code     2  rtx_config.o(i.osRtxErrorNotify)
    osRtxIdleThread                          0x00003cc5   Thumb Code    10  rtx_config.o(i.osRtxIdleThread)
    __aeabi_fadd                             0x00003cd5   Thumb Code     0  faddsub.o(x$fpl$fadd)
    _fadd                                    0x00003cd5   Thumb Code   134  faddsub.o(x$fpl$fadd)
    __aeabi_fmul                             0x00003d61   Thumb Code     0  fmul.o(x$fpl$fmul)
    _fmul                                    0x00003d61   Thumb Code   172  fmul.o(x$fpl$fmul)
    __aeabi_cfrcmple                         0x00003e11   Thumb Code     0  frlef.o(x$fpl$frleqf)
    _frcmple                                 0x00003e11   Thumb Code    84  frlef.o(x$fpl$frleqf)
    __aeabi_fsub                             0x00003e69   Thumb Code     0  faddsub.o(x$fpl$fsub)
    _fsub                                    0x00003e69   Thumb Code   204  faddsub.o(x$fpl$fsub)
    Read_TS_attr                             0x00003f38   Data          36  threads.o(.constdata)
    __I$use$fp                               0x00003f38   Number         0  usenofp.o(x$fpl$usenofp)
    Update_Screen_attr                       0x00003f5c   Data          36  threads.o(.constdata)
    BUS_attr                                 0x00003f80   Data          36  threads.o(.constdata)
    LCD_mutex_attr                           0x00003fa4   Data          16  threads.o(.constdata)
    Lucida_Console12x19                      0x00003fc4   Data        3831  lucida_12x19.o(.constdata)
    Init_Seq_ST7789                          0x00004ebb   Data         142  st7789.o(.constdata)
    RegionTable                              0x00004f4c   Data          32  region.o(.constdata)
    NumProfileRegions                        0x00004f6c   Data           4  region.o(.constdata)
    osRtxUserSVC                             0x00004fd0   Data           4  rtx_lib.o(.constdata)
    osRtxConfig                              0x00004fe0   Data         104  rtx_lib.o(.rodata)
    Region$$Table$$Base                      0x00005054   Number         0  anon$$obj.o(Region$$Table)
    Region$$Table$$Limit                     0x00005074   Number         0  anon$$obj.o(Region$$Table)
    .bss.os.msgqueue.cb$$Base                0x20000040   Number         0  rtx_lib.o(.bss.os.msgqueue.cb)
    .bss.os.msgqueue.cb$$Limit               0x20000074   Number         0  rtx_lib.o(.bss.os.msgqueue.cb)
    .bss.os.thread.cb$$Base                  0x200000c4   Number         0  rtx_lib.o(.bss.os.thread.cb)
    .bss.os.thread.cb$$Limit                 0x2000014c   Number         0  rtx_lib.o(.bss.os.thread.cb)
    g_duty_cycle                             0x20000350   Data           4  control.o(.data)
    g_enable_flash                           0x20000354   Data           4  control.o(.data)
    g_peak_set_current                       0x20000358   Data           4  control.o(.data)
    g_flash_duration                         0x2000035c   Data           4  control.o(.data)
    g_flash_period                           0x20000360   Data           4  control.o(.data)
    g_enable_control                         0x20000364   Data           4  control.o(.data)
    g_set_current                            0x20000368   Data           4  control.o(.data)
    array_count                              0x20000378   Data           4  control.o(.data)
    plot_function                            0x2000037c   Data           4  control.o(.data)
    pGain_8                                  0x20000380   Data           4  control.o(.data)
    g_measured_current                       0x2000038c   Data           4  control.o(.data)
    plantPID                                 0x20000390   Data          28  control.o(.data)
    plantPID_FX                              0x200003ac   Data          28  control.o(.data)
    read_buffer_num                          0x200003c8   Data           1  dma.o(.data)
    Reload_DMA_Byte_Count                    0x200003cc   Data           4  dma.o(.data)
    DMA_Playback_Count                       0x200003d0   Data           4  dma.o(.data)
    Reload_DMA_Source                        0x200003d4   Data           8  dma.o(.data)
    control_mode                             0x200003dc   Data           1  main.o(.data)
    t_Read_TS                                0x200003e0   Data           4  threads.o(.data)
    t_US                                     0x200003e4   Data           4  threads.o(.data)
    t_BUS                                    0x200003e8   Data           4  threads.o(.data)
    requests_q                               0x200003ec   Data           4  threads.o(.data)
    results_q                                0x200003f0   Data           4  threads.o(.data)
    LCD_mutex                                0x200003f4   Data           4  threads.o(.data)
    t_Refill_Sound_Buffer                    0x200003f8   Data           4  threads.o(.data)
    PC_val                                   0x200003fc   Data           4  timers.o(.data)
    UI_sel_field                             0x20000404   Data           4  ui.o(.data)
    Fields                                   0x20000410   Data         672  ui.o(.data)
    Slider                                   0x200006b0   Data          48  ui.o(.data)
    G_LCD_char_width                         0x200006e0   Data           1  lcd_text.o(.data)
    G_LCD_char_height                        0x200006e1   Data           1  lcd_text.o(.data)
    fg                                       0x200006e2   Data           3  lcd_text.o(.data)
    bg                                       0x200006e5   Data           3  lcd_text.o(.data)
    font                                     0x200006e8   Data           4  lcd_text.o(.data)
    font_header                              0x200006ec   Data           4  lcd_text.o(.data)
    glyph_index                              0x200006f0   Data           4  lcd_text.o(.data)
    LCD_TS_Calibrated                        0x200006f4   Data           1  touchscreen.o(.data)
    LCD_TS_X_Scale                           0x200006fc   Data           4  touchscreen.o(.data)
    LCD_TS_X_Offset                          0x20000700   Data           4  touchscreen.o(.data)
    LCD_TS_Y_Scale                           0x20000704   Data           4  touchscreen.o(.data)
    LCD_TS_Y_Offset                          0x20000708   Data           4  touchscreen.o(.data)
    TS_Min                                   0x20000714   Data           8  touchscreen.o(.data)
    TS_Max                                   0x2000071c   Data           8  touchscreen.o(.data)
    black                                    0x20000724   Data           3  colors.o(.data)
    white                                    0x20000727   Data           3  colors.o(.data)
    blue                                     0x2000072a   Data           3  colors.o(.data)
    yellow                                   0x2000072d   Data           3  colors.o(.data)
    cyan                                     0x20000730   Data           3  colors.o(.data)
    magenta                                  0x20000733   Data           3  colors.o(.data)
    dark_red                                 0x20000736   Data           3  colors.o(.data)
    dark_green                               0x20000739   Data           3  colors.o(.data)
    dark_cyan                                0x2000073c   Data           3  colors.o(.data)
    dark_magenta                             0x2000073f   Data           3  colors.o(.data)
    orange                                   0x20000742   Data           3  colors.o(.data)
    light_gray                               0x20000745   Data           3  colors.o(.data)
    dark_gray                                0x20000748   Data           3  colors.o(.data)
    adx_lost                                 0x2000074c   Data           4  profile.o(.data)
    num_lost                                 0x20000750   Data           4  profile.o(.data)
    profile_samples                          0x20000754   Data           4  profile.o(.data)
    profiling_enabled                        0x20000758   Data           1  profile.o(.data)
    RegionCount                              0x2000075c   Data           4  region.o(.data)
    SystemCoreClock                          0x20000764   Data           4  system_mkl25z4.o(.data)
    osRtxInfo                                0x20000768   Data         164  rtx_kernel.o(.data.os)
    set_current_vals                         0x2000080c   Data        3840  control.o(.bss)
    measured_current_vals                    0x2000170c   Data        3840  control.o(.bss)
    __libspace_start                         0x2000260c   Data          96  libspace.o(.bss)
    __temporary_stack_top$libspace           0x2000266c   Data           0  libspace.o(.bss)



==============================================================================

Memory Map of the image

  Image Entry point : 0x000001a1

  Load Region LR_1 (Base: 0x00000000, Size: 0x00006880, Max: 0xffffffff, ABSOLUTE, COMPRESSED[0x000051d4])

    Execution Region ER_RO (Exec base: 0x00000000, Load base: 0x00000000, Size: 0x00005074, Max: 0xffffffff, ABSOLUTE)

    Exec Addr    Load Addr    Size         Type   Attr      Idx    E Section Name        Object

    0x00000000   0x00000000   0x000000c0   Data   RO         1216    RESET               startup_mkl25z4.o
    0x000000c0   0x000000c0   0x00000008   Code   RO         1777  * !!!main             c_p.l(__main.o)
    0x000000c8   0x000000c8   0x0000003c   Code   RO         2037    !!!scatter          c_p.l(__scatter.o)
    0x00000104   0x00000104   0x0000001c   Code   RO         2039    !!handler_zi        c_p.l(__scatter_zi.o)
    0x00000120   0x00000120   0x00000002   Code   RO         1762    .ARM.Collect$$_printf_percent$$00000000  c_p.l(_printf_percent.o)
    0x00000122   0x00000122   0x0000000a   Code   RO         1761    .ARM.Collect$$_printf_percent$$00000009  c_p.l(_printf_d.o)
    0x0000012c   0x0000012c   0x0000000a   Code   RO         1760    .ARM.Collect$$_printf_percent$$00000014  c_p.l(_printf_s.o)
    0x00000136   0x00000136   0x00000004   Code   RO         1829    .ARM.Collect$$_printf_percent$$00000017  c_p.l(_printf_percent_end.o)
    0x0000013a   0x0000013a   0x00000002   Code   RO         1905    .ARM.Collect$$libinit$$00000000  c_p.l(libinit.o)
    0x0000013c   0x0000013c   0x00000000   Code   RO         1918    .ARM.Collect$$libinit$$00000002  c_p.l(libinit2.o)
    0x0000013c   0x0000013c   0x00000000   Code   RO         1920    .ARM.Collect$$libinit$$00000004  c_p.l(libinit2.o)
    0x0000013c   0x0000013c   0x00000000   Code   RO         1923    .ARM.Collect$$libinit$$0000000A  c_p.l(libinit2.o)
    0x0000013c   0x0000013c   0x00000000   Code   RO         1925    .ARM.Collect$$libinit$$0000000C  c_p.l(libinit2.o)
    0x0000013c   0x0000013c   0x00000000   Code   RO         1927    .ARM.Collect$$libinit$$0000000E  c_p.l(libinit2.o)
    0x0000013c   0x0000013c   0x00000000   Code   RO         1930    .ARM.Collect$$libinit$$00000011  c_p.l(libinit2.o)
    0x0000013c   0x0000013c   0x00000000   Code   RO         1932    .ARM.Collect$$libinit$$00000013  c_p.l(libinit2.o)
    0x0000013c   0x0000013c   0x00000000   Code   RO         1934    .ARM.Collect$$libinit$$00000015  c_p.l(libinit2.o)
    0x0000013c   0x0000013c   0x00000000   Code   RO         1936    .ARM.Collect$$libinit$$00000017  c_p.l(libinit2.o)
    0x0000013c   0x0000013c   0x00000000   Code   RO         1938    .ARM.Collect$$libinit$$00000019  c_p.l(libinit2.o)
    0x0000013c   0x0000013c   0x00000000   Code   RO         1940    .ARM.Collect$$libinit$$0000001B  c_p.l(libinit2.o)
    0x0000013c   0x0000013c   0x00000000   Code   RO         1942    .ARM.Collect$$libinit$$0000001D  c_p.l(libinit2.o)
    0x0000013c   0x0000013c   0x00000000   Code   RO         1944    .ARM.Collect$$libinit$$0000001F  c_p.l(libinit2.o)
    0x0000013c   0x0000013c   0x00000000   Code   RO         1946    .ARM.Collect$$libinit$$00000021  c_p.l(libinit2.o)
    0x0000013c   0x0000013c   0x00000000   Code   RO         1948    .ARM.Collect$$libinit$$00000023  c_p.l(libinit2.o)
    0x0000013c   0x0000013c   0x00000000   Code   RO         1950    .ARM.Collect$$libinit$$00000025  c_p.l(libinit2.o)
    0x0000013c   0x0000013c   0x00000000   Code   RO         1954    .ARM.Collect$$libinit$$0000002C  c_p.l(libinit2.o)
    0x0000013c   0x0000013c   0x00000000   Code   RO         1956    .ARM.Collect$$libinit$$0000002E  c_p.l(libinit2.o)
    0x0000013c   0x0000013c   0x00000000   Code   RO         1958    .ARM.Collect$$libinit$$00000030  c_p.l(libinit2.o)
    0x0000013c   0x0000013c   0x00000000   Code   RO         1960    .ARM.Collect$$libinit$$00000032  c_p.l(libinit2.o)
    0x0000013c   0x0000013c   0x00000002   Code   RO         1961    .ARM.Collect$$libinit$$00000033  c_p.l(libinit2.o)
    0x0000013e   0x0000013e   0x00000002   Code   RO         1992    .ARM.Collect$$libshutdown$$00000000  c_p.l(libshutdown.o)
    0x00000140   0x00000140   0x00000000   Code   RO         2018    .ARM.Collect$$libshutdown$$00000002  c_p.l(libshutdown2.o)
    0x00000140   0x00000140   0x00000000   Code   RO         2020    .ARM.Collect$$libshutdown$$00000004  c_p.l(libshutdown2.o)
    0x00000140   0x00000140   0x00000000   Code   RO         2023    .ARM.Collect$$libshutdown$$00000007  c_p.l(libshutdown2.o)
    0x00000140   0x00000140   0x00000000   Code   RO         2026    .ARM.Collect$$libshutdown$$0000000A  c_p.l(libshutdown2.o)
    0x00000140   0x00000140   0x00000000   Code   RO         2028    .ARM.Collect$$libshutdown$$0000000C  c_p.l(libshutdown2.o)
    0x00000140   0x00000140   0x00000000   Code   RO         2031    .ARM.Collect$$libshutdown$$0000000F  c_p.l(libshutdown2.o)
    0x00000140   0x00000140   0x00000002   Code   RO         2032    .ARM.Collect$$libshutdown$$00000010  c_p.l(libshutdown2.o)
    0x00000142   0x00000142   0x00000000   Code   RO         1812    .ARM.Collect$$rtentry$$00000000  c_p.l(__rtentry.o)
    0x00000142   0x00000142   0x00000000   Code   RO         1859    .ARM.Collect$$rtentry$$00000002  c_p.l(__rtentry2.o)
    0x00000142   0x00000142   0x00000006   Code   RO         1871    .ARM.Collect$$rtentry$$00000004  c_p.l(__rtentry4.o)
    0x00000148   0x00000148   0x00000008   Code   RO         1860    .ARM.Collect$$rtentry$$00000008  c_p.l(__rtentry2.o)
    0x00000150   0x00000150   0x00000004   Code   RO         1862    .ARM.Collect$$rtentry$$0000000A  c_p.l(__rtentry2.o)
    0x00000154   0x00000154   0x00000000   Code   RO         1864    .ARM.Collect$$rtentry$$0000000C  c_p.l(__rtentry2.o)
    0x00000154   0x00000154   0x00000008   Code   RO         1865    .ARM.Collect$$rtentry$$0000000D  c_p.l(__rtentry2.o)
    0x0000015c   0x0000015c   0x00000002   Code   RO         1909    .ARM.Collect$$rtexit$$00000000  c_p.l(rtexit.o)
    0x0000015e   0x0000015e   0x00000000   Code   RO         1965    .ARM.Collect$$rtexit$$00000002  c_p.l(rtexit2.o)
    0x0000015e   0x0000015e   0x00000004   Code   RO         1966    .ARM.Collect$$rtexit$$00000003  c_p.l(rtexit2.o)
    0x00000162   0x00000162   0x00000006   Code   RO         1967    .ARM.Collect$$rtexit$$00000004  c_p.l(rtexit2.o)
    0x00000168   0x00000168   0x00000038   Code   RO         1765    .emb_text           c_p.l(rt_memcpy.o)
    0x000001a0   0x000001a0   0x00000040   Code   RO         1218  * .text               startup_mkl25z4.o
    0x000001e0   0x000001e0   0x000000a4   Code   RO         1564    .text               RTX_CM0.lib(irq_cm0.o)
    0x00000284   0x00000284   0x00000030   Code   RO         1722    .text               c_p.l(llmul.o)
    0x000002b4   0x000002b4   0x00000028   Code   RO         1728    .text               c_p.l(noretval__2sprintf.o)
    0x000002dc   0x000002dc   0x00000038   Code   RO         1730    .text               c_p.l(noretval__2snprintf.o)
    0x00000314   0x00000314   0x0000004e   Code   RO         1734    .text               c_p.l(_printf_pad.o)
    0x00000362   0x00000362   0x00000052   Code   RO         1736    .text               c_p.l(_printf_str.o)
    0x000003b4   0x000003b4   0x00000044   Code   RO         1763    .text               c_p.l(strlen.o)
    0x000003f8   0x000003f8   0x00000006   Code   RO         1775    .text               c_p.l(heapauxi.o)
    0x000003fe   0x000003fe   0x00000002   Code   RO         1981    .text               c_p.l(use_no_semi.o)
    0x00000400   0x00000400   0x00000010   Code   RO         1217    .ARM.__at_0x400     startup_mkl25z4.o
    0x00000410   0x00000410   0x0000006c   Code   RO         1738    .text               c_p.l(_printf_dec.o)
    0x0000047c   0x0000047c   0x0000010e   Code   RO         1748    .text               c_p.l(__printf_wp.o)
    0x0000058a   0x0000058a   0x00000082   Code   RO         1766    .text               c_p.l(rt_memcpy.o)
    0x0000060c   0x0000060c   0x00000040   Code   RO         1769    .text               c_p.l(rt_memclr.o)
    0x0000064c   0x0000064c   0x000001e8   Code   RO         1771    .text               c_p.l(aeabi_sdivfast.o)
    0x00000834   0x00000834   0x0000004c   Code   RO         1794    .text               fz_ps.l(ffixi.o)
    0x00000880   0x00000880   0x00000030   Code   RO         1796    .text               fz_ps.l(ffixui.o)
    0x000008b0   0x000008b0   0x0000005e   Code   RO         1798    .text               fz_ps.l(fflti.o)
    0x0000090e   0x0000090e   0x000000b0   Code   RO         1819    .text               c_p.l(_printf_intcommon.o)
    0x000009be   0x000009be   0x00000002   PAD
    0x000009c0   0x000009c0   0x00000030   Code   RO         1821    .text               c_p.l(_printf_char_common.o)
    0x000009f0   0x000009f0   0x0000000a   Code   RO         1823    .text               c_p.l(_sputc.o)
    0x000009fa   0x000009fa   0x00000010   Code   RO         1825    .text               c_p.l(_snputc.o)
    0x00000a0a   0x00000a0a   0x0000002e   Code   RO         1827    .text               c_p.l(_printf_char.o)
    0x00000a38   0x00000a38   0x00000028   Code   RO         1830    .text               c_p.l(rtudiv10.o)
    0x00000a60   0x00000a60   0x00000064   Code   RO         1832    .text               fz_ps.l(fcmpin.o)
    0x00000ac4   0x00000ac4   0x0000002e   Code   RO         1884    .text               fz_ps.l(cmpret.o)
    0x00000af2   0x00000af2   0x00000002   PAD
    0x00000af4   0x00000af4   0x00000010   Code   RO         1886    .text               fz_ps.l(fnan2.o)
    0x00000b04   0x00000b04   0x00000008   Code   RO         1890    .text               c_p.l(libspace.o)
    0x00000b0c   0x00000b0c   0x0000003e   Code   RO         1893    .text               c_p.l(sys_stackheap_outer.o)
    0x00000b4a   0x00000b4a   0x00000010   Code   RO         1896    .text               c_p.l(exit.o)
    0x00000b5a   0x00000b5a   0x0000005e   Code   RO         1906    .text               fz_ps.l(retnan.o)
    0x00000bb8   0x00000bb8   0x0000000c   Code   RO         1962    .text               c_p.l(sys_exit.o)
    0x00000bc4   0x00000bc4   0x00000000   Code   RO         1983    .text               c_p.l(indicate_semi.o)
    0x00000bc4   0x00000bc4   0x00000056   Code   RO         2035    .text               c_p.l(__dczerorl2.o)
    0x00000c1a   0x00000c1a   0x0000004c   Code   RO         1547    .text.MessageQueueGet  RTX_CM0.lib(rtx_msgqueue.o)
    0x00000c66   0x00000c66   0x00000064   Code   RO         1541    .text.MessageQueuePut  RTX_CM0.lib(rtx_msgqueue.o)
    0x00000cca   0x00000cca   0x0000001e   Code   RO         1539    .text.MessageQueueRemove  RTX_CM0.lib(rtx_msgqueue.o)
    0x00000ce8   0x00000ce8   0x0000000c   Code   RO         1699    .text.OS_Tick_AcknowledgeIRQ  RTX_CM0.lib(os_systick.o)
    0x00000cf4   0x00000cf4   0x0000002c   Code   RO         1695    .text.OS_Tick_Enable  RTX_CM0.lib(os_systick.o)
    0x00000d20   0x00000d20   0x00000006   Code   RO         1701    .text.OS_Tick_GetIRQn  RTX_CM0.lib(os_systick.o)
    0x00000d26   0x00000d26   0x00000002   PAD
    0x00000d28   0x00000d28   0x0000004c   Code   RO         1693    .text.OS_Tick_Setup  RTX_CM0.lib(os_systick.o)
    0x00000d74   0x00000d74   0x00000052   Code   RO         1402    .text.ThreadFlagsCheck  RTX_CM0.lib(rtx_thread.o)
    0x00000dc6   0x00000dc6   0x00000002   PAD
    0x00000dc8   0x00000dc8   0x0000004c   Code   RO         1585    .text.TimerInsert   RTX_CM0.lib(rtx_timer.o)
    0x00000e14   0x00000e14   0x00000028   Code   RO         1455    .text.osDelay       RTX_CM0.lib(rtx_delay.o)
    0x00000e3c   0x00000e3c   0x00000030   Code   RO         1265    .text.osKernelGetState  RTX_CM0.lib(rtx_kernel.o)
    0x00000e6c   0x00000e6c   0x00000028   Code   RO         1259    .text.osKernelInitialize  RTX_CM0.lib(rtx_kernel.o)
    0x00000e94   0x00000e94   0x00000024   Code   RO         1269    .text.osKernelStart  RTX_CM0.lib(rtx_kernel.o)
    0x00000eb8   0x00000eb8   0x00000074   Code   RO         1513    .text.osMessageQueueGet  RTX_CM0.lib(rtx_msgqueue.o)
    0x00000f2c   0x00000f2c   0x00000030   Code   RO         1523    .text.osMessageQueueGetCount  RTX_CM0.lib(rtx_msgqueue.o)
    0x00000f5c   0x00000f5c   0x00000024   Code   RO         1507    .text.osMessageQueueNew  RTX_CM0.lib(rtx_msgqueue.o)
    0x00000f80   0x00000f80   0x00000080   Code   RO         1511    .text.osMessageQueuePut  RTX_CM0.lib(rtx_msgqueue.o)
    0x00001000   0x00001000   0x00000028   Code   RO         1478    .text.osMutexAcquire  RTX_CM0.lib(rtx_mutex.o)
    0x00001028   0x00001028   0x00000028   Code   RO         1484    .text.osMutexDelete  RTX_CM0.lib(rtx_mutex.o)
    0x00001050   0x00001050   0x00000024   Code   RO         1474    .text.osMutexNew    RTX_CM0.lib(rtx_mutex.o)
    0x00001074   0x00001074   0x00000028   Code   RO         1480    .text.osMutexRelease  RTX_CM0.lib(rtx_mutex.o)
    0x0000109c   0x0000109c   0x00000002   Code   RO         1257    .text.osRtxKernelPreInit  RTX_CM0.lib(rtx_kernel.o)
    0x0000109e   0x0000109e   0x00000078   Code   RO         1612    .text.osRtxMemoryAlloc  RTX_CM0.lib(rtx_memory.o)
    0x00001116   0x00001116   0x0000004e   Code   RO         1614    .text.osRtxMemoryFree  RTX_CM0.lib(rtx_memory.o)
    0x00001164   0x00001164   0x0000003a   Code   RO         1610    .text.osRtxMemoryInit  RTX_CM0.lib(rtx_memory.o)
    0x0000119e   0x0000119e   0x0000002c   Code   RO         1627    .text.osRtxMemoryPoolAlloc  RTX_CM0.lib(rtx_mempool.o)
    0x000011ca   0x000011ca   0x0000003c   Code   RO         1629    .text.osRtxMemoryPoolFree  RTX_CM0.lib(rtx_mempool.o)
    0x00001206   0x00001206   0x00000044   Code   RO         1625    .text.osRtxMemoryPoolInit  RTX_CM0.lib(rtx_mempool.o)
    0x0000124a   0x0000124a   0x000000c0   Code   RO         1537    .text.osRtxMessageQueuePostProcess  RTX_CM0.lib(rtx_msgqueue.o)
    0x0000130a   0x0000130a   0x0000003e   Code   RO         1472    .text.osRtxMutexOwnerRelease  RTX_CM0.lib(rtx_mutex.o)
    0x00001348   0x00001348   0x00000080   Code   RO         1680    .text.osRtxPendSV_Handler  RTX_CM0.lib(rtx_system.o)
    0x000013c8   0x000013c8   0x0000006c   Code   RO         1682    .text.osRtxPostProcess  RTX_CM0.lib(rtx_system.o)
    0x00001434   0x00001434   0x00000038   Code   RO         1342    .text.osRtxThreadBlock  RTX_CM0.lib(rtx_thread.o)
    0x0000146c   0x0000146c   0x0000007c   Code   RO         1350    .text.osRtxThreadDelayInsert  RTX_CM0.lib(rtx_thread.o)
    0x000014e8   0x000014e8   0x0000004c   Code   RO         1346    .text.osRtxThreadDelayRemove  RTX_CM0.lib(rtx_thread.o)
    0x00001534   0x00001534   0x00000038   Code   RO         1332    .text.osRtxThreadDelayTick  RTX_CM0.lib(rtx_thread.o)
    0x0000156c   0x0000156c   0x00000050   Code   RO         1340    .text.osRtxThreadDispatch  RTX_CM0.lib(rtx_thread.o)
    0x000015bc   0x000015bc   0x00000050   Code   RO         1426    .text.osRtxThreadFree  RTX_CM0.lib(rtx_thread.o)
    0x0000160c   0x0000160c   0x00000014   Code   RO         1324    .text.osRtxThreadListGet  RTX_CM0.lib(rtx_thread.o)
    0x00001620   0x00001620   0x0000002c   Code   RO         1322    .text.osRtxThreadListPut  RTX_CM0.lib(rtx_thread.o)
    0x0000164c   0x0000164c   0x00000018   Code   RO         1328    .text.osRtxThreadListRemove  RTX_CM0.lib(rtx_thread.o)
    0x00001664   0x00001664   0x00000026   Code   RO         1326    .text.osRtxThreadListSort  RTX_CM0.lib(rtx_thread.o)
    0x0000168a   0x0000168a   0x00000026   Code   RO         1400    .text.osRtxThreadPostProcess  RTX_CM0.lib(rtx_thread.o)
    0x000016b0   0x000016b0   0x00000018   Code   RO         1330    .text.osRtxThreadReadyPut  RTX_CM0.lib(rtx_thread.o)
    0x000016c8   0x000016c8   0x00000006   Code   RO         1334    .text.osRtxThreadRegPtr  RTX_CM0.lib(rtx_thread.o)
    0x000016ce   0x000016ce   0x00000002   PAD
    0x000016d0   0x000016d0   0x0000002c   Code   RO         1338    .text.osRtxThreadStackCheck  RTX_CM0.lib(rtx_thread.o)
    0x000016fc   0x000016fc   0x00000044   Code   RO         1352    .text.osRtxThreadStartup  RTX_CM0.lib(rtx_thread.o)
    0x00001740   0x00001740   0x00000014   Code   RO         1336    .text.osRtxThreadSwitch  RTX_CM0.lib(rtx_thread.o)
    0x00001754   0x00001754   0x0000003c   Code   RO         1348    .text.osRtxThreadWaitEnter  RTX_CM0.lib(rtx_thread.o)
    0x00001790   0x00001790   0x00000022   Code   RO         1344    .text.osRtxThreadWaitExit  RTX_CM0.lib(rtx_thread.o)
    0x000017b2   0x000017b2   0x00000002   PAD
    0x000017b4   0x000017b4   0x00000074   Code   RO         1678    .text.osRtxTick_Handler  RTX_CM0.lib(rtx_system.o)
    0x00001828   0x00001828   0x0000003c   Code   RO         1569    .text.osRtxTimerThread  RTX_CM0.lib(rtx_timer.o)
    0x00001864   0x00001864   0x00000060   Code   RO         1571    .text.osRtxTimerTick  RTX_CM0.lib(rtx_timer.o)
    0x000018c4   0x000018c4   0x0000000c   Code   RO         1384    .text.osThreadExit  RTX_CM0.lib(rtx_thread.o)
    0x000018d0   0x000018d0   0x00000058   Code   RO         1392    .text.osThreadFlagsSet  RTX_CM0.lib(rtx_thread.o)
    0x00001928   0x00001928   0x00000024   Code   RO         1356    .text.osThreadNew   RTX_CM0.lib(rtx_thread.o)
    0x0000194c   0x0000194c   0x00000012   Code   RO         1459    .text.svcRtxDelay   RTX_CM0.lib(rtx_delay.o)
    0x0000195e   0x0000195e   0x00000002   PAD
    0x00001960   0x00001960   0x0000000c   Code   RO         1267    .text.svcRtxKernelGetState  RTX_CM0.lib(rtx_kernel.o)
    0x0000196c   0x0000196c   0x00000144   Code   RO         1297    .text.svcRtxKernelInitialize  RTX_CM0.lib(rtx_kernel.o)
    0x00001ab0   0x00001ab0   0x00000084   Code   RO         1299    .text.svcRtxKernelStart  RTX_CM0.lib(rtx_kernel.o)
    0x00001b34   0x00001b34   0x000000ec   Code   RO         1549    .text.svcRtxMessageQueueGet  RTX_CM0.lib(rtx_msgqueue.o)
    0x00001c20   0x00001c20   0x00000012   Code   RO         1525    .text.svcRtxMessageQueueGetCount  RTX_CM0.lib(rtx_msgqueue.o)
    0x00001c32   0x00001c32   0x00000002   PAD
    0x00001c34   0x00001c34   0x000001cc   Code   RO         1535    .text.svcRtxMessageQueueNew  RTX_CM0.lib(rtx_msgqueue.o)
    0x00001e00   0x00001e00   0x000000d4   Code   RO         1545    .text.svcRtxMessageQueuePut  RTX_CM0.lib(rtx_msgqueue.o)
    0x00001ed4   0x00001ed4   0x000000a0   Code   RO         1490    .text.svcRtxMutexAcquire  RTX_CM0.lib(rtx_mutex.o)
    0x00001f74   0x00001f74   0x000000c0   Code   RO         1496    .text.svcRtxMutexDelete  RTX_CM0.lib(rtx_mutex.o)
    0x00002034   0x00002034   0x00000074   Code   RO         1486    .text.svcRtxMutexNew  RTX_CM0.lib(rtx_mutex.o)
    0x000020a8   0x000020a8   0x000000bc   Code   RO         1492    .text.svcRtxMutexRelease  RTX_CM0.lib(rtx_mutex.o)
    0x00002164   0x00002164   0x00000074   Code   RO         1430    .text.svcRtxThreadExit  RTX_CM0.lib(rtx_thread.o)
    0x000021d8   0x000021d8   0x0000006a   Code   RO         1438    .text.svcRtxThreadFlagsSet  RTX_CM0.lib(rtx_thread.o)
    0x00002242   0x00002242   0x00000002   PAD
    0x00002244   0x00002244   0x00000200   Code   RO         1354    .text.svcRtxThreadNew  RTX_CM0.lib(rtx_thread.o)
    0x00002444   0x00002444   0x000000d4   Code   RO            3    i.ADC0_IRQHandler   control.o
    0x00002518   0x00002518   0x00000004   Code   RO          273    i.Add_FX            fx.o
    0x0000251c   0x0000251c   0x00000044   Code   RO            4    i.Control_DutyCycle_Handler  control.o
    0x00002560   0x00002560   0x000001fc   Code   RO            5    i.Control_HBLED     control.o
    0x0000275c   0x0000275c   0x0000001c   Code   RO            6    i.Control_IntNonNegative_Handler  control.o
    0x00002778   0x00002778   0x00000014   Code   RO            7    i.Control_OnOff_Handler  control.o
    0x0000278c   0x0000278c   0x0000003c   Code   RO          305    i.Control_RGB_LEDs  leds.o
    0x000027c8   0x000027c8   0x0000006c   Code   RO          469    i.Create_OS_Objects  threads.o
    0x00002834   0x00002834   0x00000084   Code   RO          226    i.DMA0_IRQHandler   dma.o
    0x000028b8   0x000028b8   0x00000018   Code   RO          199    i.Delay             delay.o
    0x000028d0   0x000028d0   0x00000064   Code   RO            8    i.Init_ADC_HBLED    control.o
    0x00002934   0x00002934   0x00000088   Code   RO            9    i.Init_Buck_HBLED   control.o
    0x000029bc   0x000029bc   0x000000b8   Code   RO          176    i.Init_Debug_Signals  debug.o
    0x00002a74   0x00002a74   0x00000068   Code   RO          306    i.Init_RGB_LEDs     leds.o
    0x00002adc   0x00002adc   0x00000028   Code   RO          837    i.LCD_24S_Write_Command  st7789.o
    0x00002b04   0x00002b04   0x00000028   Code   RO          838    i.LCD_24S_Write_Data  st7789.o
    0x00002b2c   0x00002b2c   0x00000010   Code   RO          739    i.LCD_Erase         lcd_text.o
    0x00002b3c   0x00002b3c   0x00000082   Code   RO          840    i.LCD_Fill_Buffer   st7789.o
    0x00002bbe   0x00002bbe   0x000000ca   Code   RO          841    i.LCD_Fill_Rectangle  st7789.o
    0x00002c88   0x00002c88   0x0000013c   Code   RO          842    i.LCD_GPIO_Init     st7789.o
    0x00002dc4   0x00002dc4   0x000000cc   Code   RO          843    i.LCD_Init          st7789.o
    0x00002e90   0x00002e90   0x00000072   Code   RO          844    i.LCD_Plot_Pixel    st7789.o
    0x00002f02   0x00002f02   0x00000096   Code   RO          849    i.LCD_Start_Rectangle  st7789.o
    0x00002f98   0x00002f98   0x00000020   Code   RO          954    i.LCD_TS_Init       touchscreen.o
    0x00002fb8   0x00002fb8   0x000001fc   Code   RO          955    i.LCD_TS_Read       touchscreen.o
    0x000031b4   0x000031b4   0x0000003c   Code   RO          741    i.LCD_Text_Init     lcd_text.o
    0x000031f0   0x000031f0   0x000001a8   Code   RO          742    i.LCD_Text_PrintChar  lcd_text.o
    0x00003398   0x00003398   0x00000058   Code   RO          744    i.LCD_Text_PrintStr_RC  lcd_text.o
    0x000033f0   0x000033f0   0x00000028   Code   RO          745    i.LCD_Text_Set_Colors  lcd_text.o
    0x00003418   0x00003418   0x00000032   Code   RO          850    i.LCD_Write_Rectangle_Pixel  st7789.o
    0x0000344a   0x0000344a   0x00000016   Code   RO          274    i.Multiply_FX       fx.o
    0x00003460   0x00003460   0x000000a8   Code   RO          538    i.PIT_IRQHandler    timers.o
    0x00003508   0x00003508   0x0000008c   Code   RO          542    i.PWM_Init          timers.o
    0x00003594   0x00003594   0x00000008   Code   RO          543    i.PWM_Set_Value     timers.o
    0x0000359c   0x0000359c   0x00000010   Code   RO          382    i.Sound_Disable_Amp  sound.o
    0x000035ac   0x000035ac   0x00000004   Code   RO          275    i.Subtract_FX       fx.o
    0x000035b0   0x000035b0   0x000000e8   Code   RO         1227    i.SystemInit        system_mkl25z4.o
    0x00003698   0x00003698   0x0000003c   Code   RO          544    i.TPM0_IRQHandler   timers.o
    0x000036d4   0x000036d4   0x00000010   Code   RO          546    i.TPM0_Start        timers.o
    0x000036e4   0x000036e4   0x0000000c   Code   RO          470    i.Thread_Buck_Update_Setpoint  threads.o
    0x000036f0   0x000036f0   0x00000028   Code   RO          471    i.Thread_Read_TS    threads.o
    0x00003718   0x00003718   0x00000024   Code   RO          472    i.Thread_Update_Screen  threads.o
    0x0000373c   0x0000373c   0x00000218   Code   RO          628    i.UI_Draw_Screen    ui.o
    0x00003954   0x00003954   0x0000009c   Code   RO          630    i.UI_Identify_Field  ui.o
    0x000039f0   0x000039f0   0x00000114   Code   RO          631    i.UI_Process_Touch  ui.o
    0x00003b04   0x00003b04   0x00000050   Code   RO          633    i.UI_Update_Field_Values  ui.o
    0x00003b54   0x00003b54   0x0000006c   Code   RO           15    i.Update_Set_Current  control.o
    0x00003bc0   0x00003bc0   0x0000000e   Code   RO         1750    i._is_digit         c_p.l(__printf_wp.o)
    0x00003bce   0x00003bce   0x00000002   PAD
    0x00003bd0   0x00003bd0   0x00000030   Code   RO         1105    i._mutex_acquire    rtx_lib.o
    0x00003c00   0x00003c00   0x0000000a   Code   RO         1106    i._mutex_free       rtx_lib.o
    0x00003c0a   0x00003c0a   0x00000022   Code   RO         1107    i._mutex_initialize  rtx_lib.o
    0x00003c2c   0x00003c2c   0x0000002c   Code   RO         1108    i._mutex_release    rtx_lib.o
    0x00003c58   0x00003c58   0x00000008   Code   RO         1109    i._platform_post_stackheap_init  rtx_lib.o
    0x00003c60   0x00003c60   0x00000060   Code   RO          331    i.main              main.o
    0x00003cc0   0x00003cc0   0x00000002   Code   RO         1186    i.osRtxErrorNotify  rtx_config.o
    0x00003cc2   0x00003cc2   0x00000002   PAD
    0x00003cc4   0x00003cc4   0x00000010   Code   RO         1187    i.osRtxIdleThread   rtx_config.o
    0x00003cd4   0x00003cd4   0x0000008c   Code   RO         1785    x$fpl$fadd          fz_ps.l(faddsub.o)
    0x00003d60   0x00003d60   0x000000b0   Code   RO         1800    x$fpl$fmul          fz_ps.l(fmul.o)
    0x00003e10   0x00003e10   0x00000058   Code   RO         1802    x$fpl$frleqf        fz_ps.l(frlef.o)
    0x00003e68   0x00003e68   0x000000d0   Code   RO         1787    x$fpl$fsub          fz_ps.l(faddsub.o)
    0x00003f38   0x00003f38   0x00000000   Code   RO         1836    x$fpl$usenofp       fz_ps.l(usenofp.o)
    0x00003f38   0x00003f38   0x0000007c   Data   RO          473    .constdata          threads.o
    0x00003fb4   0x00003fb4   0x00000010   Data   RO          635    .constdata          ui.o
    0x00003fc4   0x00003fc4   0x00000ef7   Data   RO          817    .constdata          lucida_12x19.o
    0x00004ebb   0x00004ebb   0x0000008e   Data   RO          852    .constdata          st7789.o
    0x00004f49   0x00004f49   0x00000003   PAD
    0x00004f4c   0x00004f4c   0x00000020   Data   RO         1085    .constdata          region.o
    0x00004f6c   0x00004f6c   0x00000004   Data   RO         1086    .constdata          region.o
    0x00004f70   0x00004f70   0x00000024   Data   RO         1119    .constdata          rtx_lib.o
    0x00004f94   0x00004f94   0x00000024   Data   RO         1120    .constdata          rtx_lib.o
    0x00004fb8   0x00004fb8   0x00000018   Data   RO         1121    .constdata          rtx_lib.o
    0x00004fd0   0x00004fd0   0x00000004   Data   RO         1122    .constdata          rtx_lib.o
    0x00004fd4   0x00004fd4   0x0000000a   Data   RO          474    .conststring        threads.o
    0x00004fde   0x00004fde   0x00000002   PAD
    0x00004fe0   0x00004fe0   0x00000068   Data   RO         1125    .rodata             rtx_lib.o
    0x00005048   0x00005048   0x0000000b   Data   RO         1311    .rodata.str1.4      RTX_CM0.lib(rtx_kernel.o)
    0x00005053   0x00005053   0x00000001   PAD
    0x00005054   0x00005054   0x00000020   Data   RO         2033    Region$$Table       anon$$obj.o


    Execution Region ER_RW (Exec base: 0x1ffff000, Load base: 0x00005074, Size: 0x0000180c, Max: 0xffffffff, ABSOLUTE, COMPRESSED[0x00000160])

    Exec Addr    Load Addr    Size         Type   Attr      Idx    E Section Name        Object

    0x1ffff000   COMPRESSED   0x00001000   Data   RW         1110    .bss.os             rtx_lib.o
    0x20000000   COMPRESSED   0x00000040   Data   RW         1111    .bss.os             rtx_lib.o
    0x20000040   COMPRESSED   0x00000034   Data   RW         1113    .bss.os.msgqueue.cb  rtx_lib.o
    0x20000074   COMPRESSED   0x00000050   Data   RW         1114    .bss.os.msgqueue.mem  rtx_lib.o
    0x200000c4   COMPRESSED   0x00000044   Data   RW         1115    .bss.os.thread.cb   rtx_lib.o
    0x20000108   COMPRESSED   0x00000044   Data   RW         1116    .bss.os.thread.cb   rtx_lib.o
    0x2000014c   COMPRESSED   0x00000004   PAD
    0x20000150   COMPRESSED   0x00000100   Data   RW         1117    .bss.os.thread.stack  rtx_lib.o
    0x20000250   COMPRESSED   0x00000100   Data   RW         1118    .bss.os.thread.stack  rtx_lib.o
    0x20000350   COMPRESSED   0x00000078   Data   RW           17    .data               control.o
    0x200003c8   COMPRESSED   0x00000014   Data   RW          229    .data               dma.o
    0x200003dc   COMPRESSED   0x00000001   Data   RW          332    .data               main.o
    0x200003dd   COMPRESSED   0x00000003   PAD
    0x200003e0   COMPRESSED   0x00000018   Data   RW          475    .data               threads.o
    0x200003f8   COMPRESSED   0x00000004   Data   RW          477    .data               threads.o
    0x200003fc   COMPRESSED   0x00000008   Data   RW          549    .data               timers.o
    0x20000404   COMPRESSED   0x000002dc   Data   RW          636    .data               ui.o
    0x200006e0   COMPRESSED   0x00000014   Data   RW          750    .data               lcd_text.o
    0x200006f4   COMPRESSED   0x00000030   Data   RW          956    .data               touchscreen.o
    0x20000724   COMPRESSED   0x00000003   Data   RW         1000    .data               colors.o
    0x20000727   COMPRESSED   0x00000003   Data   RW         1001    .data               colors.o
    0x2000072a   COMPRESSED   0x00000003   Data   RW         1004    .data               colors.o
    0x2000072d   COMPRESSED   0x00000003   Data   RW         1005    .data               colors.o
    0x20000730   COMPRESSED   0x00000003   Data   RW         1006    .data               colors.o
    0x20000733   COMPRESSED   0x00000003   Data   RW         1007    .data               colors.o
    0x20000736   COMPRESSED   0x00000003   Data   RW         1008    .data               colors.o
    0x20000739   COMPRESSED   0x00000003   Data   RW         1009    .data               colors.o
    0x2000073c   COMPRESSED   0x00000003   Data   RW         1012    .data               colors.o
    0x2000073f   COMPRESSED   0x00000003   Data   RW         1013    .data               colors.o
    0x20000742   COMPRESSED   0x00000003   Data   RW         1014    .data               colors.o
    0x20000745   COMPRESSED   0x00000003   Data   RW         1015    .data               colors.o
    0x20000748   COMPRESSED   0x00000003   Data   RW         1016    .data               colors.o
    0x2000074b   COMPRESSED   0x00000001   PAD
    0x2000074c   COMPRESSED   0x00000004   Data   RW         1035    .data               profile.o
    0x20000750   COMPRESSED   0x00000004   Data   RW         1036    .data               profile.o
    0x20000754   COMPRESSED   0x00000004   Data   RW         1037    .data               profile.o
    0x20000758   COMPRESSED   0x00000001   Data   RW         1038    .data               profile.o
    0x20000759   COMPRESSED   0x00000003   PAD
    0x2000075c   COMPRESSED   0x00000004   Data   RW         1087    .data               region.o
    0x20000760   COMPRESSED   0x00000001   Data   RW         1124    .data               rtx_lib.o
    0x20000761   COMPRESSED   0x00000003   PAD
    0x20000764   COMPRESSED   0x00000004   Data   RW         1228    .data               system_mkl25z4.o
    0x20000768   COMPRESSED   0x000000a4   Data   RW         1312    .data.os            RTX_CM0.lib(rtx_kernel.o)


    Execution Region ER_ZI (Exec base: 0x2000080c, Load base: 0x000051d4, Size: 0x00002164, Max: 0xffffffff, ABSOLUTE)

    Exec Addr    Load Addr    Size         Type   Attr      Idx    E Section Name        Object

    0x2000080c        -       0x00001e00   Zero   RW           16    .bss                control.o
    0x2000260c        -       0x00000060   Zero   RW         1891    .bss                c_p.l(libspace.o)
    0x2000266c        -       0x00000001   Zero   RW         1711    .bss.PendST         RTX_CM0.lib(os_systick.o)
    0x2000266d   0x000051d4   0x00000003   PAD
    0x20002670        -       0x00000000   Zero   RW         1215    HEAP                startup_mkl25z4.o
    0x20002670        -       0x00000300   Zero   RW         1214    STACK               startup_mkl25z4.o


==============================================================================

Image component sizes


      Code (inc. data)   RO Data    RW Data    ZI Data      Debug   Object Name

         0          0          0         39          0       1098   colors.o
      1180        152          0        120       7680     240504   control.o
       184         26          0          0          0        521   debug.o
        24          4          0          0          0        796   delay.o
       132         30          0         20          0     213076   dma.o
        30          0          0          0          0       1477   fx.o
         0          0          0          0          0       2571   lcd_graphics.o
       628         52          0         20          0       6057   lcd_text.o
       164         30          0          0          0       1071   leds.o
         0          0       3831          0          0        554   lucida_12x19.o
        96         14          0          1          0       3629   main.o
         0          0          0         13          0        406   profile.o
         0          0         36          4          0       1062   region.o
        18          6          0          0          0        893   rtx_config.o
       144          8        204       4941          0      11823   rtx_lib.o
        16          6          0          0          0        396   sound.o
      1246         56        142          0          0       6962   st7789.o
        80         44        192          0        768        880   startup_mkl25z4.o
       232         48          0          4          0        823   system_mkl25z4.o
       196         46        134         28          0       6966   threads.o
       392         76          0          8          0       3869   timers.o
       540         46          0         48          0       3782   touchscreen.o
      1048        132         16        732          0       4977   ui.o

    ----------------------------------------------------------------------
      6352        776       4592       5992       8448     514193   Object Totals
         0          0         32          0          0          0   (incl. Generated)
         2          0          5         14          0          0   (incl. Padding)

    ----------------------------------------------------------------------

      Code (inc. data)   RO Data    RW Data    ZI Data      Debug   Library Member Name

       164          8          0          0          0        496   irq_cm0.o
       138         32          0          0          1       2742   os_systick.o
        58          4          0          0          0       2717   rtx_delay.o
       594         48         11        164          0      15944   rtx_kernel.o
       256          0          0          0          0       2691   rtx_memory.o
       172          0          0          0          0      14194   rtx_mempool.o
      1652         48          0          0          0      17916   rtx_msgqueue.o
       874         32          0          0          0       9093   rtx_mutex.o
       352         26          0          0          0       4610   rtx_system.o
      1844        100          0          0          0      30751   rtx_thread.o
       232         20          0          0          0       9904   rtx_timer.o
        86          0          0          0          0          0   __dczerorl2.o
         8          0          0          0          0         68   __main.o
       284          0          0          0          0        136   __printf_wp.o
         0          0          0          0          0          0   __rtentry.o
        20          0          0          0          0          0   __rtentry2.o
         6          0          0          0          0          0   __rtentry4.o
        60          8          0          0          0          0   __scatter.o
        28          0          0          0          0          0   __scatter_zi.o
        46          0          0          0          0        100   _printf_char.o
        48          6          0          0          0         88   _printf_char_common.o
        10          0          0          0          0          0   _printf_d.o
       108         18          0          0          0         76   _printf_dec.o
       176          0          0          0          0         84   _printf_intcommon.o
        78          0          0          0          0        100   _printf_pad.o
         2          0          0          0          0          0   _printf_percent.o
         4          0          0          0          0          0   _printf_percent_end.o
        10          0          0          0          0          0   _printf_s.o
        82          0          0          0          0         72   _printf_str.o
        16          0          0          0          0         60   _snputc.o
        10          0          0          0          0         60   _sputc.o
       488          0          0          0          0         92   aeabi_sdivfast.o
        16          0          0          0          0         68   exit.o
         6          0          0          0          0        136   heapauxi.o
         0          0          0          0          0          0   indicate_semi.o
         2          0          0          0          0          0   libinit.o
         2          0          0          0          0          0   libinit2.o
         2          0          0          0          0          0   libshutdown.o
         2          0          0          0          0          0   libshutdown2.o
         8          4          0          0         96         68   libspace.o
        48          0          0          0          0         72   llmul.o
        56          6          0          0          0         84   noretval__2snprintf.o
        40          4          0          0          0         84   noretval__2sprintf.o
        64          0          0          0          0        108   rt_memclr.o
       186          0          0          0          0        144   rt_memcpy.o
         2          0          0          0          0          0   rtexit.o
        10          0          0          0          0          0   rtexit2.o
        40          0          0          0          0         60   rtudiv10.o
        68          6          0          0          0         72   strlen.o
        12          4          0          0          0         60   sys_exit.o
        62          0          0          0          0         80   sys_stackheap_outer.o
         2          0          0          0          0         68   use_no_semi.o
        46          0          0          0          0         60   cmpret.o
       348          8          0          0          0        160   faddsub.o
       100          4          0          0          0         68   fcmpin.o
        76          0          0          0          0         68   ffixi.o
        48          0          0          0          0         60   ffixui.o
        94          0          0          0          0         92   fflti.o
       176          4          0          0          0         80   fmul.o
        16          6          0          0          0         68   fnan2.o
        88          4          0          0          0         76   frlef.o
        94          0          0          0          0         68   retnan.o
         0          0          0          0          0          0   usenofp.o

    ----------------------------------------------------------------------
      9640        400         12        164        100     113898   Library Totals
        20          0          1          0          3          0   (incl. Padding)

    ----------------------------------------------------------------------

      Code (inc. data)   RO Data    RW Data    ZI Data      Debug   Library Name

      6336        318         11        164          1     111058   RTX_CM0.lib
      2198         56          0          0         96       2040   c_p.l
      1086         26          0          0          0        800   fz_ps.l

    ----------------------------------------------------------------------
      9640        400         12        164        100     113898   Library Totals

    ----------------------------------------------------------------------

==============================================================================


      Code (inc. data)   RO Data    RW Data    ZI Data      Debug   

     15992       1176       4604       6156       8548     624151   Grand Totals
     15992       1176       4604        352       8548     624151   ELF Image Totals (compressed)
     15992       1176       4604        352          0          0   ROM Totals

==============================================================================

    Total RO  Size (Code + RO Data)                20596 (  20.11kB)
    Total RW  Size (RW Data + ZI Data)             14704 (  14.36kB)
    Total ROM Size (Code + RO Data + RW Data)      20948 (  20.46kB)

==============================================================================

